[
    {
        "lemma": "prysznic",
        "gender": "m3",
        "tags": [
            "inanimate"
        ],
        "translations": {
            "ENG": [
                "shower",
                "(device for bathing)",
                "shower",
                "(instance of using this device in order to bathe oneself)"
            ]
        },
        "id": null,
        "usage": [
            "Idę wziąć prysznic . ― I'm going to take a shower ."
        ],
        "derivedTerms": [
            "prysznicowy"
        ],
        "synonyms": [
            "natrysk"
        ],
        "inflections": {
            "singular": {
                "nom": "prysznic",
                "gen": [
                    "prysznica",
                    "prysznicu"
                ],
                "dat": "prysznicowi",
                "acc": "prysznic",
                "ins": "prysznicem",
                "loc": "prysznicu",
                "voc": "prysznicu"
            },
            "plural": {
                "nom": "prysznice",
                "gen": "pryszniców",
                "dat": "prysznicom",
                "acc": "prysznice",
                "ins": "prysznicami",
                "loc": "prysznicach",
                "voc": "prysznice"
            }
        }
    },
    {
        "lemma": "glista",
        "gender": "f",
        "tags": [],
        "translations": {
            "ENG": [
                "roundworm",
                "(animal of the phylum Nematoida)",
                "earthworm",
                "(colloquial)"
            ]
        },
        "id": null,
        "derivedTerms": [
            "glistnica"
        ],
        "inflections": {
            "singular": {
                "nom": "glista",
                "gen": "glisty",
                "dat": "gliście",
                "acc": "glistę",
                "ins": "glistą",
                "loc": "gliście",
                "voc": "glisto"
            },
            "plural": {
                "nom": "glisty",
                "gen": "glist",
                "dat": "glistom",
                "acc": "glisty",
                "ins": "glistami",
                "loc": "glistach",
                "voc": "glisty"
            }
        }
    }
]