[
    {
        "lemma": "prysznic",
        "gender": "m3",
        "tags": [
            "inanimate"
        ],
        "translations": {
            "ENG": [
                "shower",
                "(device for bathing)",
                "shower",
                "(instance of using this device in order to bathe oneself)"
            ]
        },
        "id": null,
        "usage": [
            "Idę wziąć prysznic . ― I'm going to take a shower ."
        ],
        "derivedTerms": [
            "prysznicowy"
        ],
        "synonyms": [
            "natrysk"
        ],
        "inflections": {
            "singular": {
                "nom": "prysznic",
                "gen": [
                    "prysznica",
                    "prysznicu"
                ],
                "dat": "prysznicowi",
                "acc": "prysznic",
                "ins": "prysznicem",
                "loc": "prysznicu",
                "voc": "prysznicu"
            },
            "plural": {
                "nom": "prysznice",
                "gen": "pryszniców",
                "dat": "prysznicom",
                "acc": "prysznice",
                "ins": "prysznicami",
                "loc": "prysznicach",
                "voc": "prysznice"
            }
        }
    },
    {
        "lemma": "glista",
        "gender": "f",
        "tags": [],
        "translations": {
            "ENG": [
                "roundworm",
                "(animal of the phylum Nematoida)",
                "earthworm",
                "(colloquial)"
            ]
        },
        "id": null,
        "derivedTerms": [
            "glistnica"
        ],
        "inflections": {
            "singular": {
                "nom": "glista",
                "gen": "glisty",
                "dat": "gliście",
                "acc": "glistę",
                "ins": "glistą",
                "loc": "gliście",
                "voc": "glisto"
            },
            "plural": {
                "nom": "glisty",
                "gen": "glist",
                "dat": "glistom",
                "acc": "glisty",
                "ins": "glistami",
                "loc": "glistach",
                "voc": "glisty"
            }
        }
    },
    {
        "lemma": "gleba",
        "gender": "f",
        "tags": [],
        "translations": {
            "ENG": [
                "soil",
                "bail wipeout ; a fall, especially during a sports activity",
                "(colloquial)",
                "gleba",
                "(mycology)"
            ]
        },
        "id": null,
        "derivedTerms": [
            "glebnąć"
        ],
        "inflections": {
            "singular": {
                "nom": "gleba",
                "gen": "gleby",
                "dat": "glebie",
                "acc": "glebę",
                "ins": "glebą",
                "loc": "glebie",
                "voc": "glebo"
            },
            "plural": {
                "nom": "gleby",
                "gen": "gleb",
                "dat": "glebom",
                "acc": "gleby",
                "ins": "glebami",
                "loc": "glebach",
                "voc": "gleby"
            }
        }
    },
    {
        "lemma": "łeb",
        "gender": "m3",
        "tags": [
            "inanimate"
        ],
        "translations": {
            "ENG": [
                "animal head",
                "nut head",
                "(colloquial)"
            ]
        },
        "id": null,
        "otherShapes": {
            "diminutive": [
                "łebek",
                "łepek"
            ]
        },
        "derivedTerms": [
            "łebski",
            "łepetyna",
            "zakuty łeb",
            "kocie łby",
            "łeb w łeb"
        ],
        "inflections": {
            "singular": {
                "nom": "łeb",
                "gen": "łba",
                "dat": "łbu",
                "acc": "łeb",
                "ins": "łbem",
                "loc": "łbie",
                "voc": "łbie"
            },
            "plural": {
                "nom": "łby",
                "gen": "łbów",
                "dat": "łbom",
                "acc": "łby",
                "ins": "łbami",
                "loc": "łbach",
                "voc": "łby"
            }
        }
    },
    {
        "lemma": "palec",
        "gender": "m3",
        "tags": [
            "inanimate"
        ],
        "translations": {
            "ENG": [
                "finger",
                "toe"
            ]
        },
        "id": null,
        "otherShapes": {
            "diminutive": [
                "paluszek"
            ],
            "augmentative": [
                "paluch"
            ]
        },
        "inflections": {
            "singular": {
                "nom": "palec",
                "gen": "palca",
                "dat": "palcowi",
                "acc": "palec",
                "ins": "palcem",
                "loc": "palcu",
                "voc": "palcu"
            },
            "plural": {
                "nom": "palce",
                "gen": "palców",
                "dat": "palcom",
                "acc": "palce",
                "ins": "palcami",
                "loc": "palcach",
                "voc": "palce"
            }
        }
    },
    {
        "lemma": "noga",
        "gender": "f",
        "tags": [],
        "translations": {
            "ENG": [
                "leg",
                "A clumsy or inept person."
            ]
        },
        "id": null,
        "otherShapes": {
            "diminutive": [
                "nóżka"
            ],
            "augmentative": [
                "nożysko"
            ]
        },
        "derivedTerms": [
            "nożny",
            "beznogi",
            "beznożny",
            "czarnonogi",
            "czteronogi",
            "czteronożny",
            "czworonogi",
            "czworonożny",
            "dwunogi",
            "dwunożny",
            "jednonogi",
            "jednonożny",
            "lewonożny",
            "obunożny",
            "prawonożny",
            "dać nogę",
            "odnóże",
            "stonoga",
            "-nóg"
        ],
        "synonyms": [
            "niezdara"
        ],
        "inflections": {
            "singular": {
                "nom": "noga",
                "gen": "nogi",
                "dat": "nodze",
                "acc": "nogę",
                "ins": "nogą",
                "loc": "nodze",
                "voc": "nogo"
            },
            "plural": {
                "nom": "nogi",
                "gen": "nóg",
                "dat": "nogom",
                "acc": "nogi",
                "ins": "nogami",
                "loc": "nogach",
                "voc": "nogi"
            }
        }
    },
    {
        "lemma": "piła",
        "gender": "f",
        "tags": [],
        "translations": {
            "ENG": [
                "saw",
                "sawfish",
                "(Pristidae spp.)"
            ]
        },
        "id": null,
        "otherShapes": {
            "diminutive": [
                "piłka"
            ]
        },
        "derivedTerms": [
            "opiłek",
            "pilarz",
            "pilnik",
            "piłować"
        ],
        "inflections": {
            "singular": {
                "nom": "piła",
                "gen": "piły",
                "dat": "pile",
                "acc": "piłę",
                "ins": "piłą",
                "loc": "pile",
                "voc": "piło"
            },
            "plural": {
                "nom": "piły",
                "gen": "pił",
                "dat": "piłom",
                "acc": "piły",
                "ins": "piłami",
                "loc": "piłach",
                "voc": "piły"
            }
        }
    },
    {
        "lemma": "piłka",
        "gender": "f",
        "tags": [],
        "translations": {
            "ENG": [
                "ball",
                "(object, generally spherical, used for playing games)"
            ]
        },
        "id": null,
        "otherShapes": {
            "diminutive": [
                "piłeczka"
            ]
        },
        "inflections": {
            "singular": {
                "nom": "piłka",
                "gen": "piłki",
                "dat": "piłce",
                "acc": "piłkę",
                "ins": "piłką",
                "loc": "piłce",
                "voc": "piłko"
            },
            "plural": {
                "nom": "piłki",
                "gen": "piłek",
                "dat": "piłkom",
                "acc": "piłki",
                "ins": "piłkami",
                "loc": "piłkach",
                "voc": "piłki"
            }
        }
    },
    {
        "lemma": "piłka",
        "gender": "f",
        "tags": [],
        "translations": {
            "ENG": [
                "Diminutive of piła .",
                "( “ saw ” )"
            ]
        },
        "id": null,
        "inflections": {
            "singular": {
                "nom": "piłka",
                "gen": "piłki",
                "dat": "piłce",
                "acc": "piłkę",
                "ins": "piłką",
                "loc": "piłce",
                "voc": "piłko"
            },
            "plural": {
                "nom": "piłki",
                "gen": "piłek",
                "dat": "piłkom",
                "acc": "piłki",
                "ins": "piłkami",
                "loc": "piłkach",
                "voc": "piłki"
            }
        }
    }
]