{
    "failed_to_read_html": [
        "BADWORD"
    ],
    "html_read_but_no_text_scraped": []
}