[
  {
    "lemma": "zamek",
    "tags": "xxxxxxxxx",
    "translations": {
      "ENG": [
        "lock",
        "zip fastener zipper zip"
      ]
    },
    "temp_id": "333.1",
    "gender": "m3"
  },
  {
    "lemma": "dziewczyna",
    "tags": "xxxxxxxxx",
    "translations": {
      "ENG": [
        "girl"
      ]
    },
    "temp_id": "333.4",
    "gender": "f"
  },
  {
    "lemma": "zamek",
    "tags": "xxxxxxxxx",
    "translations": {
      "ENG": [
        "castle"
      ]
    },
    "temp_id": "333.2",
    "gender": "m3"
  },
  {
    "lemma": "mysz",
    "tags": "xxxxxxxxx",
    "translations": {
      "ENG": [
        "mouse"
      ]
    },
    "temp_id": "333.3",
    "gender": "f"
  }
]