[
    {
        "lemma": "gleba",
        "gender": "f",
        "tags": [],
        "translations": {
            "ENG": [
                "soil",
                "bail wipeout ; a fall, especially during a sports activity",
                "(informal)",
                "gleba",
                "(mycology)"
            ]
        },
        "id": null,
        "extra": {
            "derivedTerms": [
                "glebnąć"
            ]
        },
        "inflections": {
            "singular": {
                "nom": "gleba",
                "gen": "gleby",
                "dat": "glebie",
                "acc": "glebę",
                "ins": "glebą",
                "loc": "glebie",
                "voc": "glebo"
            },
            "plural": {
                "nom": "gleby",
                "gen": "gleb",
                "dat": "glebom",
                "acc": "gleby",
                "ins": "glebami",
                "loc": "glebach",
                "voc": "gleby"
            }
        }
    },
    {
        "lemma": "łeb",
        "gender": "m3",
        "tags": [
            "inanimate"
        ],
        "translations": {
            "ENG": [
                "animal head",
                "nut head",
                "(informal)"
            ]
        },
        "id": null,
        "extra": {
            "otherShapes": {
                "diminutive": [
                    "łebek",
                    "łepek"
                ]
            },
            "derivedTerms": [
                "łebski",
                "łepetyna",
                "zakuty łeb",
                "kocie łby",
                "łeb w łeb"
            ]
        },
        "inflections": {
            "singular": {
                "nom": "łeb",
                "gen": "łba",
                "dat": "łbu",
                "acc": "łeb",
                "ins": "łbem",
                "loc": "łbie",
                "voc": "łbie"
            },
            "plural": {
                "nom": "łby",
                "gen": "łbów",
                "dat": "łbom",
                "acc": "łby",
                "ins": "łbami",
                "loc": "łbach",
                "voc": "łby"
            }
        }
    },
    {
        "lemma": "palec",
        "gender": "m3",
        "tags": [
            "inanimate"
        ],
        "translations": {
            "ENG": [
                "finger",
                "toe",
                "finger of a glove"
            ]
        },
        "id": null,
        "extra": {
            "otherShapes": {
                "diminutive": [
                    "paluszek"
                ],
                "augmentative": [
                    "paluch"
                ]
            },
            "derivedTerms": [
                "palcówka"
            ]
        },
        "inflections": {
            "singular": {
                "nom": "palec",
                "gen": "palca",
                "dat": "palcowi",
                "acc": "palec",
                "ins": "palcem",
                "loc": "palcu",
                "voc": "palcu"
            },
            "plural": {
                "nom": "palce",
                "gen": "palców",
                "dat": "palcom",
                "acc": "palce",
                "ins": "palcami",
                "loc": "palcach",
                "voc": "palce"
            }
        }
    },
    {
        "lemma": "noga",
        "gender": "f",
        "tags": [],
        "translations": {
            "ENG": [
                "leg",
                "A clumsy or inept person."
            ]
        },
        "id": null,
        "extra": {
            "otherShapes": {
                "diminutive": [
                    "nóżka"
                ],
                "augmentative": [
                    "nożysko"
                ]
            },
            "synonyms": [
                "niezdara"
            ],
            "derivedTerms": [
                "nożny",
                "beznogi",
                "beznożny",
                "czarnonogi",
                "czteronogi",
                "czteronożny",
                "czworonogi",
                "czworonożny",
                "dwunogi",
                "dwunożny",
                "jednonogi",
                "jednonożny",
                "lewonożny",
                "obunożny",
                "prawonożny",
                "dać nogę",
                "nogogłaszczka",
                "odnóże",
                "stonoga",
                "szczękonóże",
                "-nóg"
            ]
        },
        "inflections": {
            "singular": {
                "nom": "noga",
                "gen": "nogi",
                "dat": "nodze",
                "acc": "nogę",
                "ins": "nogą",
                "loc": "nodze",
                "voc": "nogo"
            },
            "plural": {
                "nom": "nogi",
                "gen": "nóg",
                "dat": "nogom",
                "acc": "nogi",
                "ins": "nogami",
                "loc": "nogach",
                "voc": "nogi"
            }
        }
    },
    {
        "lemma": "piła",
        "gender": "f",
        "tags": [],
        "translations": {
            "ENG": [
                "saw",
                "sawfish",
                "(Pristidae spp.)"
            ]
        },
        "id": null,
        "extra": {
            "otherShapes": {
                "diminutive": [
                    "piłka"
                ]
            },
            "derivedTerms": [
                "opiłek",
                "pilarz",
                "pilnik",
                "piłować"
            ]
        },
        "inflections": {
            "singular": {
                "nom": "piła",
                "gen": "piły",
                "dat": "pile",
                "acc": "piłę",
                "ins": "piłą",
                "loc": "pile",
                "voc": "piło"
            },
            "plural": {
                "nom": "piły",
                "gen": "pił",
                "dat": "piłom",
                "acc": "piły",
                "ins": "piłami",
                "loc": "piłach",
                "voc": "piły"
            }
        }
    },
    {
        "lemma": "piłka",
        "gender": "f",
        "tags": [],
        "translations": {
            "ENG": [
                "ball",
                "(object, generally spherical, used for playing games)"
            ]
        },
        "id": null,
        "extra": {
            "otherShapes": {
                "diminutive": [
                    "piłeczka"
                ]
            }
        },
        "inflections": {
            "singular": {
                "nom": "piłka",
                "gen": "piłki",
                "dat": "piłce",
                "acc": "piłkę",
                "ins": "piłką",
                "loc": "piłce",
                "voc": "piłko"
            },
            "plural": {
                "nom": "piłki",
                "gen": "piłek",
                "dat": "piłkom",
                "acc": "piłki",
                "ins": "piłkami",
                "loc": "piłkach",
                "voc": "piłki"
            }
        }
    },
    {
        "lemma": "piłka",
        "gender": "f",
        "tags": [],
        "translations": {
            "ENG": [
                "Diminutive of piła .",
                "( “ saw ” )"
            ]
        },
        "id": null,
        "inflections": {
            "singular": {
                "nom": "piłka",
                "gen": "piłki",
                "dat": "piłce",
                "acc": "piłkę",
                "ins": "piłką",
                "loc": "piłce",
                "voc": "piłko"
            },
            "plural": {
                "nom": "piłki",
                "gen": "piłek",
                "dat": "piłkom",
                "acc": "piłki",
                "ins": "piłkami",
                "loc": "piłkach",
                "voc": "piłki"
            }
        }
    }
]