[
    {
        "lemma": "brać",
        "gender": "f",
        "tags": [],
        "translations": {
            "ENG": [
                "company band",
                "(group of people associating with each other) (collective dated)"
            ]
        },
        "id": null,
        "inflections": {
            "singular": {
                "nom": "brać",
                "gen": "braci",
                "dat": "braci",
                "acc": "brać",
                "ins": "bracią",
                "loc": "braci",
                "voc": "braci"
            }
        },
        "_lacking": true,
        "tantumSingulare": true
    }
]