[
  {
    "lemma": "nadzieja",
    "gender": "f",
    "tags": [],
    "translations": {
      "ENG": [
        "hope wish",
        "(belief that something wished for can or will happen)"
      ]
    },
    "id": null,
    "extra": {
      "usage": [
        "Ciągle jest nadzieja na zwycięstwo. ― There is still hope for victory."
      ]
    },
    "inflections": {
      "singular": {
        "nom": "nadzieja",
        "gen": "nadziei",
        "dat": "nadziei",
        "acc": "nadzieję",
        "ins": "nadzieją",
        "loc": "nadziei",
        "voc": "nadziejo"
      },
      "plural": {
        "nom": "nadzieje",
        "gen": "nadziei",
        "dat": "nadziejom",
        "acc": "nadzieje",
        "ins": "nadziejami",
        "loc": "nadziejach",
        "voc": "nadzieje"
      }
    }
  }
]