[
    {
        "lemma": "chłopiec",
        "gender": "m1",
        "tags": [
            "person"
        ],
        "translations": {
            "ENG": [
                "boy",
                "(a male child)",
                "boyfriend",
                "(a male romantic partner) (colloquial dated)"
            ]
        },
        "id": null,
        "usage": [
            "Antonyms: ( by age ) mężczyzna ( by gender ) dziewczyna",
            "Usage notes [ edit ] The word chłopiec is usually used for people younger than chłopak ."
        ],
        "otherShapes": {
            "diminutive": [
                "chłopczyk"
            ]
        },
        "synonyms": [
            "chłopak małolat młodzieniec młodzik podrostek",
            "chłopak partner",
            "dziewczyna partnerka"
        ],
        "inflections": {
            "singular": {
                "nom": "chłopiec",
                "gen": "chłopca",
                "dat": "chłopcu",
                "acc": "chłopca",
                "ins": "chłopcem",
                "loc": "chłopcu",
                "voc": "chłopcze"
            },
            "plural": {
                "nom": "chłopcy",
                "gen": "chłopców",
                "dat": "chłopcom",
                "acc": "chłopców",
                "ins": "chłopcami",
                "loc": "chłopcach",
                "voc": "chłopcy"
            }
        }
    }
]