[
  {
    "lemma": "pochrzyn",
    "gender": "m3",
    "tags": [
      "inanimate"
    ],
    "translations": {
      "ENG": [
        "any plant of the genus Dioscorea"
      ]
    },
    "id": null,
    "inflections": {
      "singular": {
        "nom": "pochrzyn",
        "gen": "pochrzynu",
        "dat": "pochrzynowi",
        "acc": "pochrzyn",
        "ins": "pochrzynem",
        "loc": "pochrzynie",
        "voc": "pochrzynie"
      },
      "plural": {
        "nom": "pochrzyny",
        "gen": "pochrzyn√≥w",
        "dat": "pochrzynom",
        "acc": "pochrzyny",
        "ins": "pochrzynami",
        "loc": "pochrzynach",
        "voc": "pochrzyny"
      }
    }
  }
]