{
    "failed_to_load_html": [],
    "loaded_html_but_failed_when_reading": [],
    "loaded_and_read_html_but_failed_to_create_output": [],
    "loaded_html_but_failed_when_reading_but_forced_gather_results": []
}