[
  {
    "translations": {
      "ENG": [
        "write"
      ]
    },
    "tags": [
      "basic3"
    ],
    "lemma": "pisać",
    "id": "pol-ver-004-im-02",
    "aspect": "imperfective",
    "secondaryAspect": "frequentative",
    "inflections": {
      "infinitive": "pisywać",
      "verbal": {
        "past": {
          "impersonal": {
            "singular": {
              "allSingularGenders": "pisywano"
            },
            "plural": {
              "allPluralGenders": "pisywano"
            }
          },
          "1per": {
            "singular": {
              "m": "pisywałem",
              "f": "pisywałam"
            },
            "plural": {
              "virile": "pisywaliśmy",
              "nonvirile": "pisywałyśmy"
            }
          },
          "2per": {
            "singular": {
              "m": "pisywałeś",
              "f": "pisywałaś"
            },
            "plural": {
              "virile": "pisywaliście",
              "nonvirile": "pisywałyście"
            }
          },
          "3per": {
            "singular": {
              "m": "pisywał",
              "f": "pisywała",
              "n": "pisywało"
            },
            "plural": {
              "virile": "pisywali",
              "nonvirile": "pisywały"
            }
          }
        },
        "present": {
          "impersonal": {
            "singular": {"allSingularGenders": "pisuje się"},
            "plural": {"allPluralGenders": "pisuje się"}
          },
          "1per": {
            "singular": {
              "allSingularGenders": "pisuję"
            },
            "plural": {
              "allPluralGenders": "pisujemy"
            }
          },
          "2per": {
            "singular": {
              "allSingularGenders": "pisujesz"
            },
            "plural": {
              "allPluralGenders": "pisujecie"
            }
          },
          "3per": {
            "singular": {
              "allSingularGenders": "pisuje"
            },
            "plural": {
              "allPluralGenders": "pisują"
            }
          }
        },
        "future": true,
        "conditional": true,
        "imperative": "pisuj"
      },
      "activeAdjectival": "pisujący",
      "passiveAdjectival": "pisywany",
      "contemporaryAdverbial": "pisując",
      "anteriorAdverbial": false,
      "verbalNoun": "pisywanie"
    }
  }
]