[
    {
        "lemma": "pisywać",
        "aspect": "imperfective",
        "secondaryAspects": [
            "indeterminate",
            "frequentative"
        ],
        "otherShapes": {
            "perfective": [
                "napisać"
            ],
            "imperfective": [
                "pisać"
            ]
        },
        "tags": "xxxxxxxxx",
        "translations": {
            "ENG": [
                "( transitive ) to write occasionally"
            ]
        },
        "derivedTerms": [],
        "inflections": {
            "infinitive": {
                "singular": {
                    "masculine": "pisywać",
                    "feminine": "pisywać",
                    "neuter": "pisywać"
                },
                "plural": {
                    "virile": "pisywać",
                    "nonvirile": "pisywać"
                }
            },
            "present tense": {
                "1st": {
                    "singular": {
                        "masculine": "pisuję",
                        "feminine": "pisuję",
                        "neuter": "pisuję"
                    },
                    "plural": {
                        "virile": "pisujemy",
                        "nonvirile": "pisujemy"
                    }
                },
                "2nd": {
                    "singular": {
                        "masculine": "pisujesz",
                        "feminine": "pisujesz",
                        "neuter": "pisujesz"
                    },
                    "plural": {
                        "virile": "pisujecie",
                        "nonvirile": "pisujecie"
                    }
                },
                "3rd": {
                    "singular": {
                        "masculine": "pisuje",
                        "feminine": "pisuje",
                        "neuter": "pisuje"
                    },
                    "plural": {
                        "virile": "pisują",
                        "nonvirile": "pisują"
                    }
                },
                "impersonal": {
                    "singular": {
                        "masculine": "pisuje się",
                        "feminine": "pisuje się",
                        "neuter": "pisuje się"
                    },
                    "plural": {
                        "virile": "pisuje się",
                        "nonvirile": "pisuje się"
                    }
                }
            },
            "past tense": {
                "1st": {
                    "singular": {
                        "masculine": "pisywałem",
                        "feminine": "pisywałam"
                    },
                    "plural": {
                        "virile": "pisywaliśmy",
                        "nonvirile": "pisywałyśmy"
                    }
                },
                "2nd": {
                    "singular": {
                        "masculine": "pisywałeś",
                        "feminine": "pisywałaś"
                    },
                    "plural": {
                        "virile": "pisywaliście",
                        "nonvirile": "pisywałyście"
                    }
                },
                "3rd": {
                    "singular": {
                        "masculine": "pisywał",
                        "feminine": "pisywała",
                        "neuter": "pisywało"
                    },
                    "plural": {
                        "virile": "pisywali",
                        "nonvirile": "pisywały"
                    }
                },
                "impersonal": {
                    "singular": {
                        "masculine": "pisywano",
                        "feminine": "pisywano",
                        "neuter": "pisywano"
                    },
                    "plural": {
                        "virile": "pisywano",
                        "nonvirile": "pisywano"
                    }
                }
            },
            "future tense": {
                "1st": {
                    "singular": {
                        "masculine": [
                            "będę pisywał",
                            "będę pisywać"
                        ],
                        "feminine": [
                            "będę pisywała",
                            "będę pisywać"
                        ]
                    },
                    "plural": {
                        "virile": [
                            "będziemy pisywali",
                            "będziemy pisywać"
                        ],
                        "nonvirile": [
                            "będziemy pisywały",
                            "będziemy pisywać"
                        ]
                    }
                },
                "2nd": {
                    "singular": {
                        "masculine": [
                            "będziesz pisywał",
                            "będziesz pisywać"
                        ],
                        "feminine": [
                            "będziesz pisywała",
                            "będziesz pisywać"
                        ]
                    },
                    "plural": {
                        "virile": [
                            "będziecie pisywali",
                            "będziecie pisywać"
                        ],
                        "nonvirile": [
                            "będziecie pisywały",
                            "będziecie pisywać"
                        ]
                    }
                },
                "3rd": {
                    "singular": {
                        "masculine": [
                            "będzie pisywał",
                            "będzie pisywać"
                        ],
                        "feminine": [
                            "będzie pisywała",
                            "będzie pisywać"
                        ],
                        "neuter": [
                            "będzie pisywało",
                            "będzie pisywać"
                        ]
                    },
                    "plural": {
                        "virile": [
                            "będą pisywali",
                            "będą pisywać"
                        ],
                        "nonvirile": [
                            "będą pisywały",
                            "będą pisywać"
                        ]
                    }
                },
                "impersonal": {
                    "singular": {
                        "masculine": "będzie pisywać się",
                        "feminine": "będzie pisywać się",
                        "neuter": "będzie pisywać się"
                    },
                    "plural": {
                        "virile": "będzie pisywać się",
                        "nonvirile": "będzie pisywać się"
                    }
                }
            },
            "conditional": {
                "1st": {
                    "singular": {
                        "masculine": "pisywałbym",
                        "feminine": "pisywałabym"
                    },
                    "plural": {
                        "virile": "pisywalibyśmy",
                        "nonvirile": "pisywałybyśmy"
                    }
                },
                "2nd": {
                    "singular": {
                        "masculine": "pisywałbyś",
                        "feminine": "pisywałabyś"
                    },
                    "plural": {
                        "virile": "pisywalibyście",
                        "nonvirile": "pisywałybyście"
                    }
                },
                "3rd": {
                    "singular": {
                        "masculine": "pisywałby",
                        "feminine": "pisywałaby",
                        "neuter": "pisywałoby"
                    },
                    "plural": {
                        "virile": "pisywaliby",
                        "nonvirile": "pisywałyby"
                    }
                },
                "impersonal": {
                    "singular": {
                        "masculine": "pisywano by",
                        "feminine": "pisywano by",
                        "neuter": "pisywano by"
                    },
                    "plural": {
                        "virile": "pisywano by",
                        "nonvirile": "pisywano by"
                    }
                }
            },
            "imperative": {
                "1st": {
                    "singular": {
                        "masculine": "niech pisuję",
                        "feminine": "niech pisuję",
                        "neuter": "niech pisuję"
                    },
                    "plural": {
                        "virile": "pisujmy",
                        "nonvirile": "pisujmy"
                    }
                },
                "2nd": {
                    "singular": {
                        "masculine": "pisuj",
                        "feminine": "pisuj",
                        "neuter": "pisuj"
                    },
                    "plural": {
                        "virile": "pisujcie",
                        "nonvirile": "pisujcie"
                    }
                },
                "3rd": {
                    "singular": {
                        "masculine": "niech pisuje",
                        "feminine": "niech pisuje",
                        "neuter": "niech pisuje"
                    },
                    "plural": {
                        "virile": "niech pisują",
                        "nonvirile": "niech pisują"
                    }
                }
            },
            "active adjectival participle": {
                "singular": {
                    "masculine": "pisujący",
                    "feminine": "pisująca",
                    "neuter": "pisujące"
                },
                "plural": {
                    "virile": "pisujący",
                    "nonvirile": "pisujące"
                }
            },
            "passive adjectival participle": {
                "singular": {
                    "masculine": "pisywany",
                    "feminine": "pisywana",
                    "neuter": "pisywane"
                },
                "plural": {
                    "virile": "pisywani",
                    "nonvirile": "pisywane"
                }
            },
            "contemporary adverbial participle": {
                "singular": {
                    "masculine": "pisując",
                    "feminine": "pisując",
                    "neuter": "pisując"
                },
                "plural": {
                    "virile": "pisując",
                    "nonvirile": "pisując"
                }
            },
            "verbal noun": {
                "singular": {
                    "masculine": "pisywanie",
                    "feminine": "pisywanie",
                    "neuter": "pisywanie"
                },
                "plural": {
                    "virile": "pisywanie",
                    "nonvirile": "pisywanie"
                }
            }
        }
    }
]