[
    {
        "lemma": "pisać",
        "aspect": "imperfective",
        "secondary_aspects": [],
        "other_shapes": {
            "perfective": [
                "napisać"
            ],
            "indeterminate": [
                "pisywać"
            ]
        },
        "tags": "xxxxxxxxx",
        "translations": {
            "ENG": [
                "( transitive intransitive ) to write ( to form letters, words or symbols on a surface in order to communicate )",
                "( transitive ) to write ( to compose a text for written or printed reproduction or publication )",
                "( intransitive ) to write ( to engage in written conversation )",
                "( intransitive ) to write ( to be an author )",
                "( transitive intransitive ) to write , to take ( to fill in a written exam )",
                "( colloquial ) to say ( to indicate in a written form ) Gazety piszą zgoła co innego. The newspapers say something entirely different.",
                "( colloquial proscribed impersonal ) to say , to state , to read ( to indicate in a written form ) Na ich stronie internetowej pisze , że urządzenie jest wykonane z komponentów najwyższej jakości. Their website says that the device is built of top-tier quality components. Na etykiecie wyraźnie pisze , do czego służy urządzenie. The label clearly states what the device is designed for."
            ]
        },
        "derivedTerms": [
            "dopisywać impf dopisać pf",
            "nadpisywać impf nadpisać pf",
            "odpisywać impf odpisać pf",
            "opisywać impf opisać pf",
            "popisywać impf popisać pf",
            "podpisywać impf ,( podpisać pf",
            "przepisywać impf przepisać pf",
            "przypisywać impf przypisać pf",
            "rozpisywać impf rozpisać pf",
            "spisywać impf spisać pf",
            "wpisywać impf wpisać pf",
            "wypisywać impf wypisać pf",
            "zapisywać impf zapisać pf",
            "( nouns ) pisadło n pisak m pisanina f pisanka f pisarz m pismak m pismo n pisownia f",
            "( adjectives ) pisarski pisemny",
            "( adverb ) pisemnie",
            "( nouns ) długopis m napis m odpis m opis m , , popis m przepis m przypis m rozpiska f spis m wypis m wypiska f zapis m zapiski pl",
            "( adjectives ) opisowy"
        ],
        "inflections": {
            "infinitive": {
                "singular": {
                    "masculine": "pisać",
                    "feminine": "pisać",
                    "neuter": "pisać"
                },
                "plural": {
                    "virile": "pisać",
                    "nonvirile": "pisać"
                }
            },
            "present tense": {
                "1st": {
                    "singular": {
                        "masculine": "piszę",
                        "feminine": "piszę",
                        "neuter": "piszę"
                    },
                    "plural": {
                        "virile": "piszemy",
                        "nonvirile": "piszemy"
                    }
                },
                "2nd": {
                    "singular": {
                        "masculine": "piszesz",
                        "feminine": "piszesz",
                        "neuter": "piszesz"
                    },
                    "plural": {
                        "virile": "piszecie",
                        "nonvirile": "piszecie"
                    }
                },
                "3rd": {
                    "singular": {
                        "masculine": "pisze",
                        "feminine": "pisze",
                        "neuter": "pisze"
                    },
                    "plural": {
                        "virile": "piszą",
                        "nonvirile": "piszą"
                    }
                },
                "impersonal": {
                    "singular": {
                        "masculine": "pisze się",
                        "feminine": "pisze się",
                        "neuter": "pisze się"
                    },
                    "plural": {
                        "virile": "pisze się",
                        "nonvirile": "pisze się"
                    }
                }
            },
            "past tense": {
                "1st": {
                    "singular": {
                        "masculine": "pisałem",
                        "feminine": "pisałam"
                    },
                    "plural": {
                        "virile": "pisaliśmy",
                        "nonvirile": "pisałyśmy"
                    }
                },
                "2nd": {
                    "singular": {
                        "masculine": "pisałeś",
                        "feminine": "pisałaś"
                    },
                    "plural": {
                        "virile": "pisaliście",
                        "nonvirile": "pisałyście"
                    }
                },
                "3rd": {
                    "singular": {
                        "masculine": "pisał",
                        "feminine": "pisała",
                        "neuter": "pisało"
                    },
                    "plural": {
                        "virile": "pisali",
                        "nonvirile": "pisały"
                    }
                },
                "impersonal": {
                    "singular": {
                        "masculine": "pisano",
                        "feminine": "pisano",
                        "neuter": "pisano"
                    },
                    "plural": {
                        "virile": "pisano",
                        "nonvirile": "pisano"
                    }
                }
            },
            "future tense": {
                "1st": {
                    "singular": {
                        "masculine": [
                            "będę pisał",
                            "będę pisać"
                        ],
                        "feminine": [
                            "będę pisała",
                            "będę pisać"
                        ]
                    },
                    "plural": {
                        "virile": [
                            "będziemy pisali",
                            "będziemy pisać"
                        ],
                        "nonvirile": [
                            "będziemy pisały",
                            "będziemy pisać"
                        ]
                    }
                },
                "2nd": {
                    "singular": {
                        "masculine": [
                            "będziesz pisał",
                            "będziesz pisać"
                        ],
                        "feminine": [
                            "będziesz pisała",
                            "będziesz pisać"
                        ]
                    },
                    "plural": {
                        "virile": [
                            "będziecie pisali",
                            "będziecie pisać"
                        ],
                        "nonvirile": [
                            "będziecie pisały",
                            "będziecie pisać"
                        ]
                    }
                },
                "3rd": {
                    "singular": {
                        "masculine": [
                            "będzie pisał",
                            "będzie pisać"
                        ],
                        "feminine": [
                            "będzie pisała",
                            "będzie pisać"
                        ],
                        "neuter": [
                            "będzie pisało",
                            "będzie pisać"
                        ]
                    },
                    "plural": {
                        "virile": [
                            "będą pisali",
                            "będą pisać"
                        ],
                        "nonvirile": [
                            "będą pisały",
                            "będą pisać"
                        ]
                    }
                },
                "impersonal": {
                    "singular": {
                        "masculine": "będzie pisać się",
                        "feminine": "będzie pisać się",
                        "neuter": "będzie pisać się"
                    },
                    "plural": {
                        "virile": "będzie pisać się",
                        "nonvirile": "będzie pisać się"
                    }
                }
            },
            "conditional": {
                "1st": {
                    "singular": {
                        "masculine": "pisałbym",
                        "feminine": "pisałabym"
                    },
                    "plural": {
                        "virile": "pisalibyśmy",
                        "nonvirile": "pisałybyśmy"
                    }
                },
                "2nd": {
                    "singular": {
                        "masculine": "pisałbyś",
                        "feminine": "pisałabyś"
                    },
                    "plural": {
                        "virile": "pisalibyście",
                        "nonvirile": "pisałybyście"
                    }
                },
                "3rd": {
                    "singular": {
                        "masculine": "pisałby",
                        "feminine": "pisałaby",
                        "neuter": "pisałoby"
                    },
                    "plural": {
                        "virile": "pisaliby",
                        "nonvirile": "pisałyby"
                    }
                },
                "impersonal": {
                    "singular": {
                        "masculine": "pisano by",
                        "feminine": "pisano by",
                        "neuter": "pisano by"
                    },
                    "plural": {
                        "virile": "pisano by",
                        "nonvirile": "pisano by"
                    }
                }
            },
            "imperative": {
                "1st": {
                    "singular": {
                        "masculine": "niech piszę",
                        "feminine": "niech piszę",
                        "neuter": "niech piszę"
                    },
                    "plural": {
                        "virile": "piszmy",
                        "nonvirile": "piszmy"
                    }
                },
                "2nd": {
                    "singular": {
                        "masculine": "pisz",
                        "feminine": "pisz",
                        "neuter": "pisz"
                    },
                    "plural": {
                        "virile": "piszcie",
                        "nonvirile": "piszcie"
                    }
                },
                "3rd": {
                    "singular": {
                        "masculine": "niech pisze",
                        "feminine": "niech pisze",
                        "neuter": "niech pisze"
                    },
                    "plural": {
                        "virile": "niech piszą",
                        "nonvirile": "niech piszą"
                    }
                }
            },
            "active adjectival participle": {
                "singular": {
                    "masculine": "piszący",
                    "feminine": "pisząca",
                    "neuter": "piszące"
                },
                "plural": {
                    "virile": "piszący",
                    "nonvirile": "piszące"
                }
            },
            "passive adjectival participle": {
                "singular": {
                    "masculine": "pisany",
                    "feminine": "pisana",
                    "neuter": "pisane"
                },
                "plural": {
                    "virile": "pisani",
                    "nonvirile": "pisane"
                }
            },
            "contemporary adverbial participle": {
                "singular": {
                    "masculine": "pisząc",
                    "feminine": "pisząc",
                    "neuter": "pisząc"
                },
                "plural": {
                    "virile": "pisząc",
                    "nonvirile": "pisząc"
                }
            },
            "verbal noun": {
                "singular": {
                    "masculine": "pisanie",
                    "feminine": "pisanie",
                    "neuter": "pisanie"
                },
                "plural": {
                    "virile": "pisanie",
                    "nonvirile": "pisanie"
                }
            }
        }
    }
]