[
  {
    "translations": {
      "ENG": [
        "write"
      ]
    },
    "tags": [
      "basic3"
    ],
    "lemma": "pisać",
    "id": "pol-ver-004-im-01",
    "aspect": "imperfective",
    "inflections": {
      "infinitive": "pisać",
      "verbal": {
        "past": {
          "impersonal": {
            "singular": {
              "allSingularGenders": "pisano"
            },
            "plural": {
              "allPluralGenders": "pisano"
            }
          },
          "1per": {
            "singular": {
              "m": "pisałem",
              "f": "pisałam"
            },
            "plural": {
              "virile": "pisaliśmy",
              "nonvirile": "pisałyśmy"
            }
          },
          "2per": {
            "singular": {
              "m": "pisałeś",
              "f": "pisałaś"
            },
            "plural": {
              "virile": "pisaliście",
              "nonvirile": "pisałyście"
            }
          },
          "3per": {
            "singular": {
              "m": "pisał",
              "f": "pisała",
              "n": "pisało"
            },
            "plural": {
              "virile": "pisali",
              "nonvirile": "pisały"
            }
          }
        },
        "present": {
          "impersonal": {
            "singular": true,
            "plural": true
          },
          "1per": {
            "singular": {
              "allSingularGendersExcludingNeuter": "piszę"
            },
            "plural": {
              "allPluralGenders": "piszemy"
            }
          },
          "2per": {
            "singular": {
              "allSingularGendersExcludingNeuter": "piszesz"
            },
            "plural": {
              "allPluralGenders": "piszecie"
            }
          },
          "3per": {
            "singular": {
              "allSingularGenders": "pisze"
            },
            "plural": {
              "allPluralGenders": "piszą"
            }
          }
        },
        "future": true,
        "conditional": true,
        "imperative": "pisz"
      },
      "activeAdjectival": "piszący",
      "passiveAdjectival": "pisany",
      "contemporaryAdverbial": "pisząc",
      "anteriorAdverbial": false,
      "verbalNoun": "pisanie"
    }
  }
]