[
  {
    "translations": {
      "ENG": [
        "give"
      ]
    },
    "tags": [],
    "lemma": "dawać",
    "id": "pol-ver-006-im-01",
    "aspect": "imperfective",
    "inflections": {
      "infinitive": "dawać",
      "verbal": {
        "past": {
          "impersonal": {
            "singular": {
              "allSingularGenders": "dawano"
            },
            "plural": {
              "allPluralGenders": "dawano"
            }
          },
          "1per": {
            "singular": {
              "m": "dawałem",
              "f": "dawałam"
            },
            "plural": {
              "virile": "dawaliśmy",
              "nonvirile": "dawałyśmy"
            }
          },
          "2per": {
            "singular": {
              "m": "dawałeś",
              "f": "dawałaś"
            },
            "plural": {
              "virile": "dawaliście",
              "nonvirile": "dawałyście"
            }
          },
          "3per": {
            "singular": {
              "m": "dawał",
              "f": "dawała",
              "n": "dawało"
            },
            "plural": {
              "virile": "dawali",
              "nonvirile": "dawały"
            }
          }
        },
        "present": {
          "impersonal": {
            "singular": true,
            "plural": true
          },
          "1per": {
            "singular": {
              "allSingularGendersExcludingNeuter": "daję"
            },
            "plural": {
              "allPluralGenders": "dajemy"
            }
          },
          "2per": {
            "singular": {
              "allSingularGendersExcludingNeuter": "dajesz"
            },
            "plural": {
              "allPluralGenders": "dajecie"
            }
          },
          "3per": {
            "singular": {
              "allSingularGenders": "daje"
            },
            "plural": {
              "allPluralGenders": "dają"
            }
          }
        },
        "future": true,
        "conditional": true,
        "imperative": "dawaj"
      },
      "activeAdjectival": "dający",
      "passiveAdjectival": "dawany",
      "contemporaryAdverbial": "dając",
      "anteriorAdverbial": false,
      "verbalNoun": "dawanie"
    }
  },
  {
    "translations": {
      "ENG": [
        "give"
      ]
    },
    "tags": [],
    "lemma": "dać",
    "id": "pol-ver-006-pf-01",
    "aspect": "perfective",
    "inflections": {
      "infinitive": "dać",
      "verbal": {
        "past": {
          "impersonal": {
            "singular": {
              "allSingularGenders": "dano"
            },
            "plural": {
              "allPluralGenders": "dano"
            }
          },
          "1per": {
            "singular": {
              "m": "dałem",
              "f": "dałam"
            },
            "plural": {
              "virile": "daliśmy",
              "nonvirile": "dałyśmy"
            }
          },
          "2per": {
            "singular": {
              "m": "dałeś",
              "f": "dałaś"
            },
            "plural": {
              "virile": "daliście",
              "nonvirile": "dałyście"
            }
          },
          "3per": {
            "singular": {
              "m": "dał",
              "f": "dała",
              "n": "dało"
            },
            "plural": {
              "virile": "dali",
              "nonvirile": "dały"
            }
          }
        },
        "future": {
          "impersonal": {
            "singular": true,
            "plural": true
          },
          "1per": {
            "singular": {
              "allSingularGendersExcludingNeuter": "dam"
            },
            "plural": {
              "allPluralGenders": "damy"
            }
          },
          "2per": {
            "singular": {
              "allSingularGendersExcludingNeuter": "dasz"
            },
            "plural": {
              "allPluralGenders": "dacie"
            }
          },
          "3per": {
            "singular": {
              "allSingularGenders": "da"
            },
            "plural": {
              "allPluralGenders": "dadzą"
            }
          }
        },
        "present": false,
        "conditional": true,
        "imperative": "daj"
      },
      "activeAdjectival": false,
      "passiveAdjectival": "dany",
      "contemporaryAdverbial": false,
      "anteriorAdverbial": "dawszy",
      "verbalNoun": "danie"
    }
  },
  {
    "translations": {
      "ENG": [
        "be"
      ],
      "POL": [
        "być"
      ]
    },
    "tags": [
      "basic",
      "identity"
    ],
    "lemma": "być",
    "id": "pol-ver-000-im-01",
    "aspect": "imperfective",
    "lacking": true,
    "complete": true,
    "imperfectiveOnly_unadjusted": true,
    "inflections": {
      "infinitive": "być",
      "verbal": {
        "past": {
          "1per": {
            "singular": {
              "m1": "byłem",
              "m2": "byłem",
              "m3": "byłem",
              "f": "byłam"
            },
            "plural": {
              "virile": "byliśmy",
              "nonvirile": "byłyśmy"
            }
          },
          "2per": {
            "singular": {
              "m1": "byłeś",
              "m2": "byłeś",
              "m3": "byłeś",
              "f": "byłaś"
            },
            "plural": {
              "virile": "byliście",
              "nonvirile": "byłyście"
            }
          },
          "3per": {
            "singular": {
              "m1": "był",
              "m2": "był",
              "m3": "był",
              "f": "była",
              "n": "było"
            },
            "plural": {
              "virile": "byli",
              "nonvirile": "były"
            }
          }
        },
        "present": {
          "impersonal": {
            "singular": true,
            "plural": true
          },
          "1per": {
            "singular": {
              "m1": "jestem",
              "m2": "jestem",
              "m3": "jestem",
              "f": "jestem"
            },
            "plural": {
              "virile": "jesteśmy",
              "nonvirile": "jesteśmy"
            }
          },
          "2per": {
            "singular": {
              "m1": "jesteś",
              "m2": "jesteś",
              "m3": "jesteś",
              "f": "jesteś"
            },
            "plural": {
              "virile": "jesteście",
              "nonvirile": "jesteście"
            }
          },
          "3per": {
            "singular": {
              "m1": "jest",
              "m2": "jest",
              "m3": "jest",
              "f": "jest",
              "n": "jest"
            },
            "plural": {
              "virile": "są",
              "nonvirile": "są"
            }
          }
        },
        "future": {
          "1per": {
            "singular": {
              "m1": "będę",
              "m2": "będę",
              "m3": "będę",
              "f": "będę"
            },
            "plural": {
              "virile": "będziemy",
              "nonvirile": "będziemy"
            }
          },
          "2per": {
            "singular": {
              "m1": "będziesz",
              "m2": "będziesz",
              "m3": "będziesz",
              "f": "będziesz"
            },
            "plural": {
              "virile": "będziecie",
              "nonvirile": "będziecie"
            }
          },
          "3per": {
            "singular": {
              "m1": "będzie",
              "m2": "będzie",
              "m3": "będzie",
              "f": "będzie",
              "n": "będzie"
            },
            "plural": {
              "virile": "będą",
              "nonvirile": "będą"
            }
          }
        },
        "conditional": {
          "1per": {
            "singular": {
              "m1": "byłbym",
              "m2": "byłbym",
              "m3": "byłbym",
              "f": "byłabym"
            },
            "plural": {
              "virile": "bylibyśmy",
              "nonvirile": "byłybyśmy"
            }
          },
          "2per": {
            "singular": {
              "m1": "byłbyś",
              "m2": "byłbyś",
              "m3": "byłbyś",
              "f": "byłabyś"
            },
            "plural": {
              "virile": "bylibyście",
              "nonvirile": "byłybyście"
            }
          },
          "3per": {
            "singular": {
              "m1": "byłby",
              "m2": "byłby",
              "m3": "byłby",
              "f": "byłaby",
              "n": "byłoby"
            },
            "plural": {
              "virile": "byliby",
              "nonvirile": "byłyby"
            }
          }
        },
        "imperative": "bądź"
      },
      "activeAdjectival": "będący",
      "contemporaryAdverbial": "będąc",
      "anteriorAdverbial": "bywszy",
      "verbalNoun": "bycie"
    }
  },
  {
    "translations": {
      "ENG": [
        "have"
      ]
    },
    "tags": [
      "basic",
      "possession"
    ],
    "lemma": "mieć",
    "id": "pol-ver-001-im-01",
    "aspect": "imperfective",
    "lacking": true,
    "complete": false,
    "imperfectiveOnly_unadjusted": true,
    "inflections": {
      "infinitive": "mieć",
      "verbal": {
        "past": {
          "impersonal": {
            "singular": {
              "allSingularGenders": "miano"
            },
            "plural": {
              "allPluralGenders": "miano"
            }
          },
          "1per": {
            "singular": {
              "m": "miałem",
              "f": "miałam"
            },
            "plural": {
              "virile": "mieliśmy",
              "nonvirile": "miałyśmy"
            }
          },
          "2per": {
            "singular": {
              "m": "miałeś",
              "f": "miałaś"
            },
            "plural": {
              "virile": "mieliście",
              "nonvirile": "miałyście"
            }
          },
          "3per": {
            "singular": {
              "m": "miał",
              "f": "miała",
              "n": "miało"
            },
            "plural": {
              "virile": "mieli",
              "nonvirile": "miały"
            }
          }
        },
        "present": {
          "impersonal": {
            "singular": true,
            "plural": true
          },
          "1per": {
            "singular": {
              "allSingularGendersExcludingNeuter": "mam"
            },
            "plural": {
              "allPluralGenders": "mamy"
            }
          },
          "2per": {
            "singular": {
              "allSingularGendersExcludingNeuter": "masz"
            },
            "plural": {
              "allPluralGenders": "macie"
            }
          },
          "3per": {
            "singular": {
              "allSingularGenders": "ma"
            },
            "plural": {
              "allPluralGenders": "mają"
            }
          }
        },
        "future": true,
        "conditional": true,
        "imperative": "miej"
      },
      "activeAdjectival": "mający",
      "passiveAdjectival": false,
      "contemporaryAdverbial": "mając",
      "anteriorAdverbial": false,
      "verbalNoun": false
    }
  },
  {
    "translations": {
      "ENG": [
        "write"
      ]
    },
    "tags": [
      "basic3"
    ],
    "lemma": "pisać",
    "id": "pol-ver-004-im-01",
    "aspect": "imperfective",
    "inflections": {
      "infinitive": "pisać",
      "verbal": {
        "past": {
          "impersonal": {
            "singular": {
              "allSingularGenders": "pisano"
            },
            "plural": {
              "allPluralGenders": "pisano"
            }
          },
          "1per": {
            "singular": {
              "m": "pisałem",
              "f": "pisałam"
            },
            "plural": {
              "virile": "pisaliśmy",
              "nonvirile": "pisałyśmy"
            }
          },
          "2per": {
            "singular": {
              "m": "pisałeś",
              "f": "pisałaś"
            },
            "plural": {
              "virile": "pisaliście",
              "nonvirile": "pisałyście"
            }
          },
          "3per": {
            "singular": {
              "m": "pisał",
              "f": "pisała",
              "n": "pisało"
            },
            "plural": {
              "virile": "pisali",
              "nonvirile": "pisały"
            }
          }
        },
        "present": {
          "impersonal": {
            "singular": true,
            "plural": true
          },
          "1per": {
            "singular": {
              "allSingularGendersExcludingNeuter": "piszę"
            },
            "plural": {
              "allPluralGenders": "piszemy"
            }
          },
          "2per": {
            "singular": {
              "allSingularGendersExcludingNeuter": "piszesz"
            },
            "plural": {
              "allPluralGenders": "piszecie"
            }
          },
          "3per": {
            "singular": {
              "allSingularGenders": "pisze"
            },
            "plural": {
              "allPluralGenders": "piszą"
            }
          }
        },
        "future": true,
        "conditional": true,
        "imperative": "pisz"
      },
      "activeAdjectival": "piszący",
      "passiveAdjectival": "pisany",
      "contemporaryAdverbial": "pisząc",
      "anteriorAdverbial": false,
      "verbalNoun": "pisanie"
    }
  },
  {
    "translations": {
      "ENG": [
        "write"
      ]
    },
    "tags": [
      "basic3"
    ],
    "lemma": "napisać",
    "id": "pol-ver-004-pf-01",
    "aspect": "perfective",
    "inflections": {
      "infinitive": "napisać",
      "verbal": {
        "past": {
          "impersonal": {
            "singular": {
              "allSingularGenders": "napisano"
            },
            "plural": {
              "allPluralGenders": "napisano"
            }
          },
          "1per": {
            "singular": {
              "m": "napisałem",
              "f": "napisałam"
            },
            "plural": {
              "virile": "napisaliśmy",
              "nonvirile": "napisałyśmy"
            }
          },
          "2per": {
            "singular": {
              "m": "napisałeś",
              "f": "napisałaś"
            },
            "plural": {
              "virile": "napisaliście",
              "nonvirile": "napisałyście"
            }
          },
          "3per": {
            "singular": {
              "m": "napisał",
              "f": "napisała",
              "n": "napisało"
            },
            "plural": {
              "virile": "napisali",
              "nonvirile": "napisały"
            }
          }
        },
        "future": {
          "impersonal": {
            "singular": true,
            "plural": true
          },
          "1per": {
            "singular": {
              "allSingularGendersExcludingNeuter": "napiszę"
            },
            "plural": {
              "allPluralGenders": "napiszemy"
            }
          },
          "2per": {
            "singular": {
              "allSingularGendersExcludingNeuter": "napiszesz"
            },
            "plural": {
              "allPluralGenders": "napiszecie"
            }
          },
          "3per": {
            "singular": {
              "allSingularGenders": "napisze"
            },
            "plural": {
              "allPluralGenders": "napiszą"
            }
          }
        },
        "present": false,
        "conditional": true,
        "imperative": "napisz"
      },
      "activeAdjectival": false,
      "passiveAdjectival": "napisany",
      "contemporaryAdverbial": false,
      "anteriorAdverbial": "napisawszy",
      "verbalNoun": "napisanie"
    }
  },
  {
    "translations": {
      "ENG": [
        "read"
      ]
    },
    "tags": [
      "basic2"
    ],
    "lemma": "czytać",
    "id": "pol-ver-002-im-01",
    "aspect": "imperfective",
    "inflections": {
      "infinitive": "czytać",
      "verbal": {
        "past": {
          "impersonal": {
            "singular": {
              "allSingularGenders": "czytano"
            },
            "plural": {
              "allPluralGenders": "czytano"
            }
          },
          "1per": {
            "singular": {
              "m": "czytałem",
              "f": "czytałam"
            },
            "plural": {
              "virile": "czytaliśmy",
              "nonvirile": "czytałyśmy"
            }
          },
          "2per": {
            "singular": {
              "m": "czytałeś",
              "f": "czytałaś"
            },
            "plural": {
              "virile": "czytaliście",
              "nonvirile": "czytałyście"
            }
          },
          "3per": {
            "singular": {
              "m": "czytał",
              "f": "czytała",
              "n": "czytało"
            },
            "plural": {
              "virile": "czytali",
              "nonvirile": "czytały"
            }
          }
        },
        "present": {
          "impersonal": {
            "singular": true,
            "plural": true
          },
          "1per": {
            "singular": {
              "allSingularGendersExcludingNeuter": "czytam"
            },
            "plural": {
              "allPluralGenders": "czytamy"
            }
          },
          "2per": {
            "singular": {
              "allSingularGendersExcludingNeuter": "czytasz"
            },
            "plural": {
              "allPluralGenders": "czytacie"
            }
          },
          "3per": {
            "singular": {
              "allSingularGenders": "czyta"
            },
            "plural": {
              "allPluralGenders": "czytają"
            }
          }
        },
        "future": true,
        "conditional": true,
        "imperative": "czytaj"
      },
      "activeAdjectival": "czytający",
      "passiveAdjectival": "czytany",
      "contemporaryAdverbial": "czytając",
      "anteriorAdverbial": false,
      "verbalNoun": "czytanie"
    }
  },
  {
    "translations": {
      "ENG": [
        "read"
      ]
    },
    "tags": [
      "basic2"
    ],
    "lemma": "przeczytać",
    "id": "pol-ver-002-pf-01",
    "aspect": "perfective",
    "inflections": {
      "infinitive": "przeczytać",
      "verbal": {
        "past": {
          "impersonal": {
            "singular": {
              "allSingularGenders": "przeczytano"
            },
            "plural": {
              "allPluralGenders": "przeczytano"
            }
          },
          "1per": {
            "singular": {
              "m": "przeczytałem",
              "f": "przeczytałam"
            },
            "plural": {
              "virile": "przeczytaliśmy",
              "nonvirile": "przeczytałyśmy"
            }
          },
          "2per": {
            "singular": {
              "m": "przeczytałeś",
              "f": "przeczytałaś"
            },
            "plural": {
              "virile": "przeczytaliście",
              "nonvirile": "przeczytałyście"
            }
          },
          "3per": {
            "singular": {
              "m": "przeczytał",
              "f": "przeczytała",
              "n": "przeczytało"
            },
            "plural": {
              "virile": "przeczytali",
              "nonvirile": "przeczytały"
            }
          }
        },
        "future": {
          "impersonal": {
            "singular": true,
            "plural": true
          },
          "1per": {
            "singular": {
              "allSingularGendersExcludingNeuter": "przeczytam"
            },
            "plural": {
              "allPluralGenders": "przeczytamy"
            }
          },
          "2per": {
            "singular": {
              "allSingularGendersExcludingNeuter": "przeczytasz"
            },
            "plural": {
              "allPluralGenders": "przeczytacie"
            }
          },
          "3per": {
            "singular": {
              "allSingularGenders": "przeczyta"
            },
            "plural": {
              "allPluralGenders": "przeczytają"
            }
          }
        },
        "present": false,
        "conditional": true,
        "imperative": "przeczytaj"
      },
      "activeAdjectival": false,
      "passiveAdjectival": "przeczytany",
      "contemporaryAdverbial": false,
      "anteriorAdverbial": "przeczytawszy",
      "verbalNoun": "przeczytanie"
    }
  },
  {
    "translations": {
      "ENG": [
        "research"
      ]
    },
    "tags": [
      "science"
    ],
    "lemma": "badać",
    "id": "pol-ver-003-im-01",
    "aspect": "imperfective",
    "inflections": {
      "infinitive": "badać",
      "verbal": {
        "past": {
          "impersonal": {
            "singular": {
              "allSingularGenders": "badano"
            },
            "plural": {
              "allPluralGenders": "badano"
            }
          },
          "1per": {
            "singular": {
              "m": "badałem",
              "f": "badałam"
            },
            "plural": {
              "virile": "badaliśmy",
              "nonvirile": "badałyśmy"
            }
          },
          "2per": {
            "singular": {
              "m": "badałeś",
              "f": "badałaś"
            },
            "plural": {
              "virile": "badaliście",
              "nonvirile": "badałyście"
            }
          },
          "3per": {
            "singular": {
              "m": "badał",
              "f": "badała",
              "n": "badało"
            },
            "plural": {
              "virile": "badali",
              "nonvirile": "badały"
            }
          }
        },
        "present": {
          "impersonal": {
            "singular": true,
            "plural": true
          },
          "1per": {
            "singular": {
              "allSingularGendersExcludingNeuter": "badam"
            },
            "plural": {
              "allPluralGenders": "badamy"
            }
          },
          "2per": {
            "singular": {
              "allSingularGendersExcludingNeuter": "badasz"
            },
            "plural": {
              "allPluralGenders": "badacie"
            }
          },
          "3per": {
            "singular": {
              "allSingularGenders": "bada"
            },
            "plural": {
              "allPluralGenders": "badają"
            }
          }
        },
        "future": true,
        "conditional": true,
        "imperative": "badaj"
      },
      "activeAdjectival": "badający",
      "passiveAdjectival": "badany",
      "contemporaryAdverbial": "badając",
      "anteriorAdverbial": false,
      "verbalNoun": "badanie"
    }
  },
  {
    "translations": {
      "ENG": [
        "research"
      ]
    },
    "tags": [
      "science"
    ],
    "lemma": "zbadać",
    "id": "pol-ver-003-pf-01",
    "aspect": "perfective",
    "inflections": {
      "infinitive": "zbadać",
      "verbal": {
        "past": {
          "impersonal": {
            "singular": {
              "allSingularGenders": "zbadano"
            },
            "plural": {
              "allPluralGenders": "zbadano"
            }
          },
          "1per": {
            "singular": {
              "m": "zbadałem",
              "f": "zbadałam"
            },
            "plural": {
              "virile": "zbadaliśmy",
              "nonvirile": "zbadałyśmy"
            }
          },
          "2per": {
            "singular": {
              "m": "zbadałeś",
              "f": "zbadałaś"
            },
            "plural": {
              "virile": "zbadaliście",
              "nonvirile": "zbadałyście"
            }
          },
          "3per": {
            "singular": {
              "m": "zbadał",
              "f": "zbadała",
              "n": "zbadało"
            },
            "plural": {
              "virile": "zbadali",
              "nonvirile": "zbadały"
            }
          }
        },
        "present": false,
        "future": {
          "impersonal": {
            "singular": true,
            "plural": true
          },
          "1per": {
            "singular": {
              "allSingularGendersExcludingNeuter": "zbadam"
            },
            "plural": {
              "allPluralGenders": "zbadamy"
            }
          },
          "2per": {
            "singular": {
              "allSingularGendersExcludingNeuter": "zbadasz"
            },
            "plural": {
              "allPluralGenders": "zbadacie"
            }
          },
          "3per": {
            "singular": {
              "allSingularGenders": "zbada"
            },
            "plural": {
              "allPluralGenders": "zbadają"
            }
          }
        },
        "conditional": true,
        "imperative": "zbadaj"
      },
      "activeAdjectival": false,
      "passiveAdjectival": "zbadany",
      "contemporaryAdverbial": false,
      "anteriorAdverbial": "zbadawszy",
      "verbalNoun": "zbadanie"
    }
  },
  {
    "translations": {
      "ENG": [
        "see"
      ]
    },
    "tags": [
      "basic1"
    ],
    "lemma": "widzieć",
    "id": "pol-ver-007-im-01",
    "aspect": "imperfective",
    "inflections": {
      "infinitive": "widzieć",
      "verbal": {
        "past": {
          "impersonal": {
            "singular": {
              "allSingularGenders": "widziano"
            },
            "plural": {
              "allPluralGenders": "widziano"
            }
          },
          "1per": {
            "singular": {
              "m": "widziałem",
              "f": "widziałam"
            },
            "plural": {
              "virile": "widzieliśmy",
              "nonvirile": "widziałyśmy"
            }
          },
          "2per": {
            "singular": {
              "m": "widziałeś",
              "f": "widziałaś"
            },
            "plural": {
              "virile": "widzieliście",
              "nonvirile": "widziałyście"
            }
          },
          "3per": {
            "singular": {
              "m": "widział",
              "f": "widziała",
              "n": "widziało"
            },
            "plural": {
              "virile": "widzieli",
              "nonvirile": "widziały"
            }
          }
        },
        "present": {
          "impersonal": {
            "singular": true,
            "plural": true
          },
          "1per": {
            "singular": {
              "allSingularGendersExcludingNeuter": "widzę"
            },
            "plural": {
              "allPluralGenders": "widzimy"
            }
          },
          "2per": {
            "singular": {
              "allSingularGendersExcludingNeuter": "widzisz"
            },
            "plural": {
              "allPluralGenders": "widzicie"
            }
          },
          "3per": {
            "singular": {
              "allSingularGenders": "widzi"
            },
            "plural": {
              "allPluralGenders": "widzą"
            }
          }
        },
        "future": true,
        "conditional": true,
        "imperative": "widź"
      },
      "activeAdjectival": "twidzący",
      "passiveAdjectival": "widziany",
      "contemporaryAdverbial": "widząc",
      "anteriorAdverbial": false,
      "verbalNoun": "widzenie"
    }
  },
  {
    "translations": {
      "ENG": [
        "see"
      ]
    },
    "tags": [
      "basic1"
    ],
    "lemma": "zobaczyć",
    "id": "pol-ver-007-pf-01",
    "aspect": "perfective",
    "inflections": {
      "infinitive": "zobaczyć",
      "verbal": {
        "past": {
          "impersonal": {
            "singular": {
              "allSingularGenders": "zobaczono"
            },
            "plural": {
              "allPluralGenders": "zobaczono"
            }
          },
          "1per": {
            "singular": {
              "m": "zobaczyłem",
              "f": "zobaczyłam"
            },
            "plural": {
              "virile": "zobaczyliśmy",
              "nonvirile": "zobaczyłyśmy"
            }
          },
          "2per": {
            "singular": {
              "m": "zobaczyłeś",
              "f": "zobaczyłaś"
            },
            "plural": {
              "virile": "zobaczyliście",
              "nonvirile": "zobaczyłyście"
            }
          },
          "3per": {
            "singular": {
              "m": "zobaczył",
              "f": "zobaczyła",
              "n": "zobaczyło"
            },
            "plural": {
              "virile": "zobaczyli",
              "nonvirile": "zobaczyły"
            }
          }
        },
        "present": false,
        "future": {
          "impersonal": {
            "singular": true,
            "plural": true
          },
          "1per": {
            "singular": {
              "allSingularGendersExcludingNeuter": "zobaczę"
            },
            "plural": {
              "allPluralGenders": "zobaczymy"
            }
          },
          "2per": {
            "singular": {
              "allSingularGendersExcludingNeuter": "zobaczysz"
            },
            "plural": {
              "allPluralGenders": "zobaczycie"
            }
          },
          "3per": {
            "singular": {
              "allSingularGenders": "zobaczy"
            },
            "plural": {
              "allPluralGenders": "zobaczą"
            }
          }
        },
        "conditional": true,
        "imperative": "zobacz"
      },
      "activeAdjectival": false,
      "passiveAdjectival": "zobaczony",
      "contemporaryAdverbial": false,
      "anteriorAdverbial": "zobaczywszy",
      "verbalNoun": "zobaczenie"
    }
  }
]