[
    {
        "translations": {
            "ENG": [
                "main"
            ]
        },
        "comparative_type": 0,
        "pluvirnom_lemma": [
            "główni"
        ],
        "adverb": [
            "głównie"
        ],
        "lemma": "główny",
        "tags": "xxxxxxxxx"
    },
    {
        "translations": {
            "ENG": [
                "free of charge",
                "free"
            ]
        },
        "comparative_type": 0,
        "pluvirnom_lemma": [
            "bezpłatni"
        ],
        "adverb": [
            "bezpłatnie"
        ],
        "extra": {
            "antonyms": [
                "płatny"
            ]
        },
        "lemma": "bezpłatny",
        "tags": "xxxxxxxxx"
    },
    {
        "translations": {
            "ENG": [
                "necessary",
                "unavoidable",
                "archaic",
                "final",
                "ultimate",
                "last",
                "ending"
            ]
        },
        "comparative_type": 0,
        "pluvirnom_lemma": [
            "konieczni"
        ],
        "adverb": [
            "koniecznie"
        ],
        "extra": {
            "synonyms": [
                "zasadniczy",
                "nieuchronny",
                "bezwarunkowy",
                "potrzebny",
                "podstawowy",
                "niezbędny"
            ],
            "antonyms": [
                "niekonieczny"
            ]
        },
        "lemma": "konieczny",
        "tags": "xxxxxxxxx"
    },
    {
        "translations": {
            "ENG": [
                "whole",
                "complete",
                "entire",
                "intact"
            ]
        },
        "comparative_type": 0,
        "pluvirnom_lemma": [
            "cali"
        ],
        "adverb": [
            "cało"
        ],
        "lemma": "cały",
        "tags": "xxxxxxxxx"
    },
    {
        "translations": {
            "ENG": [
                "colloquial",
                "bad",
                "(not good)",
                "colloquial",
                "lame"
            ]
        },
        "comparative_type": 0,
        "pluvirnom_lemma": [
            "kiepscy"
        ],
        "adverb": [
            "kiepsko"
        ],
        "extra": {
            "synonyms": [
                "zły"
            ]
        },
        "lemma": "kiepski",
        "tags": "xxxxxxxxx"
    },
    {
        "translations": {
            "ENG": [
                "dead",
                "(no longer living)",
                "inanimate"
            ]
        },
        "comparative_type": 0,
        "pluvirnom_lemma": [
            "martwi"
        ],
        "adverb": [
            "martwo"
        ],
        "lemma": "martwy",
        "tags": "xxxxxxxxx"
    },
    {
        "translations": {
            "ENG": [
                "traditional",
                "(of, relating to, or derived from tradition)",
                "traditional",
                "(observant of tradition; attached to old customs; old-fashioned)"
            ]
        },
        "comparative_type": 0,
        "pluvirnom_lemma": [
            "tradycyjni"
        ],
        "adverb": [
            "tradycyjnie"
        ],
        "lemma": "tradycyjny",
        "tags": "xxxxxxxxx"
    },
    {
        "translations": {
            "ENG": [
                "ultimate",
                "final",
                "law",
                "final",
                "; not subject to",
                "appeal"
            ]
        },
        "comparative_type": 0,
        "pluvirnom_lemma": [
            "ostateczni"
        ],
        "adverb": [
            "ostatecznie"
        ],
        "extra": {
            "usage": [
                "Sąd Ostateczny – Last Judgment"
            ]
        },
        "lemma": "ostateczny",
        "tags": "xxxxxxxxx"
    },
    {
        "translations": {
            "ENG": [
                "next",
                "(following in a sequence)"
            ]
        },
        "comparative_type": 0,
        "pluvirnom_lemma": [
            "następni"
        ],
        "adverb": [
            "następnie"
        ],
        "extra": {
            "antonyms": [
                "poprzedni"
            ]
        },
        "lemma": "następny",
        "tags": "xxxxxxxxx"
    }
]