[
  {
    "tags": "xxxxxxxxx",
    "lemma": "nijaki",
    "translations": {
      "ENG": [
        "(grammar not comparable)",
        "neuter",
        "(gender)",
        "(colloquial not comparable)",
        "neither",
        "synonym",
        "(colloquial comparable)",
        "bland",
        "colorless",
        "drab",
        "lacklustre",
        "synonym"
      ]
    },
    "comparative_type": 2,
    "pluvirnom_lemma": [
      "nijacy"
    ],
    "adverb": [
      "nijak",
      "nijako"
    ],
    "extra": {
      "synonyms": [
        "Å¼aden",
        "bezbarwny"
      ]
    }
  }
]