[
  {
    "lemma": "stary",
    "translations": [
      "old"
    ],
    "translations_additional": [
      "in the late stage of life",
      "Antonym:",
      "m≈Çody",
      "old",
      "having existed for a long time",
      " or having known something for a long time",
      "Antonym:",
      "nowy"
    ],
    "comparative_type": 1,
    "pluvirnom": [
      "starzy"
    ],
    "adverb": [
      "staro"
    ],
    "comparative": "starszy"
  }
]