[
  {
    "translations": {
      "ENG": [
        "national"
      ]
    },
    "tags": "xxxxxxxxx",
    "lemma": "narodowy",
    "id": null,
    "inflections": {
      "simple": {
        "singular": {
          "m1": {
            "nom": "narodowy",
            "gen": "narodowego",
            "dat": "narodowemu",
            "acc": "narodowego",
            "ins": "narodowym",
            "loc": "narodowym"
          },
          "m3": {
            "nom": "narodowy",
            "gen": "narodowego",
            "dat": "narodowemu",
            "acc": "narodowy",
            "ins": "narodowym",
            "loc": "narodowym"
          },
          "f": {
            "nom": "narodowa",
            "gen": "narodowej",
            "dat": "narodowej",
            "acc": "narodową",
            "ins": "narodową",
            "loc": "narodowej"
          },
          "n": {
            "nom": "narodowe",
            "gen": "narodowego",
            "dat": "narodowemu",
            "acc": "narodowe",
            "ins": "narodowym",
            "loc": "narodowym"
          }
        },
        "plural": {
          "virile": {
            "nom": "narodowi",
            "gen": "narodowych",
            "dat": "narodowym",
            "acc": "narodowych",
            "ins": "narodowymi",
            "loc": "narodowych"
          },
          "nonvirile": {
            "nom": "narodowe",
            "gen": "narodowych",
            "dat": "narodowym",
            "acc": "narodowe",
            "ins": "narodowymi",
            "loc": "narodowych"
          }
        }
      }
    }
  },
  {
    "translations": {
      "ENG": [
        "old"
      ]
    },
    "tags": "xxxxxxxxx",
    "lemma": "stary",
    "id": null,
    "inflections": {
      "simple": {
        "singular": {
          "m1": {
            "nom": "stary",
            "gen": "starego",
            "dat": "staremu",
            "acc": "starego",
            "ins": "starym",
            "loc": "starym"
          },
          "m3": {
            "nom": "stary",
            "gen": "starego",
            "dat": "staremu",
            "acc": "stary",
            "ins": "starym",
            "loc": "starym"
          },
          "f": {
            "nom": "stara",
            "gen": "starej",
            "dat": "starej",
            "acc": "starą",
            "ins": "starą",
            "loc": "starej"
          },
          "n": {
            "nom": "stare",
            "gen": "starego",
            "dat": "staremu",
            "acc": "stare",
            "ins": "starym",
            "loc": "starym"
          }
        },
        "plural": {
          "virile": {
            "nom": "starzy",
            "gen": "starych",
            "dat": "starym",
            "acc": "starych",
            "ins": "starymi",
            "loc": "starych"
          },
          "nonvirile": {
            "nom": "stare",
            "gen": "starych",
            "dat": "starym",
            "acc": "stare",
            "ins": "starymi",
            "loc": "starych"
          }
        }
      },
      "adverb": "staro",
      "comparative": {
        "singular": {
          "m1": {
            "nom": "starszy",
            "gen": "starszego",
            "dat": "starszemu",
            "acc": "starszego",
            "ins": "starszym",
            "loc": "starszym"
          },
          "m3": {
            "nom": "starszy",
            "gen": "starszego",
            "dat": "starszemu",
            "acc": "starszy",
            "ins": "starszym",
            "loc": "starszym"
          },
          "f": {
            "nom": "starsza",
            "gen": "starszej",
            "dat": "starszej",
            "acc": "starszą",
            "ins": "starszą",
            "loc": "starszej"
          },
          "n": {
            "nom": "starsze",
            "gen": "starszego",
            "dat": "starszemu",
            "acc": "starsze",
            "ins": "starszym",
            "loc": "starszym"
          }
        },
        "plural": {
          "virile": {
            "nom": "starsi",
            "gen": "starszych",
            "dat": "starszym",
            "acc": "starszych",
            "ins": "starszymi",
            "loc": "starszych"
          },
          "nonvirile": {
            "nom": "starsze",
            "gen": "starszych",
            "dat": "starszym",
            "acc": "starsze",
            "ins": "starszymi",
            "loc": "starszych"
          }
        }
      },
      "superlative": {
        "singular": {
          "m1": {
            "nom": "najstarszy",
            "gen": "najstarszego",
            "dat": "najstarszemu",
            "acc": "najstarszego",
            "ins": "najstarszym",
            "loc": "najstarszym"
          },
          "m3": {
            "nom": "najstarszy",
            "gen": "najstarszego",
            "dat": "najstarszemu",
            "acc": "najstarszy",
            "ins": "najstarszym",
            "loc": "najstarszym"
          },
          "f": {
            "nom": "najstarsza",
            "gen": "najstarszej",
            "dat": "najstarszej",
            "acc": "najstarszą",
            "ins": "najstarszą",
            "loc": "najstarszej"
          },
          "n": {
            "nom": "najstarsze",
            "gen": "najstarszego",
            "dat": "najstarszemu",
            "acc": "najstarsze",
            "ins": "najstarszym",
            "loc": "najstarszym"
          }
        },
        "plural": {
          "virile": {
            "nom": "najstarsi",
            "gen": "najstarszych",
            "dat": "najstarszym",
            "acc": "najstarszych",
            "ins": "najstarszymi",
            "loc": "najstarszych"
          },
          "nonvirile": {
            "nom": "najstarsze",
            "gen": "najstarszych",
            "dat": "najstarszym",
            "acc": "najstarsze",
            "ins": "najstarszymi",
            "loc": "najstarszych"
          }
        }
      }
    }
  },
  {
    "translations": {
      "ENG": [
        "blue"
      ]
    },
    "tags": "xxxxxxxxx",
    "lemma": "niebieski",
    "id": null,
    "inflections": {
      "simple": {
        "singular": {
          "m1": {
            "nom": "niebieski",
            "gen": "niebieskiego",
            "dat": "niebieskiemu",
            "acc": "niebieskiego",
            "ins": "niebieskim",
            "loc": "niebieskim"
          },
          "m3": {
            "nom": "niebieski",
            "gen": "niebieskiego",
            "dat": "niebieskiemu",
            "acc": "niebieski",
            "ins": "niebieskim",
            "loc": "niebieskim"
          },
          "f": {
            "nom": "niebieska",
            "gen": "niebieskiej",
            "dat": "niebieskiej",
            "acc": "niebieską",
            "ins": "niebieską",
            "loc": "niebieskiej"
          },
          "n": {
            "nom": "niebieskie",
            "gen": "niebieskiego",
            "dat": "niebieskiemu",
            "acc": "niebieskie",
            "ins": "niebieskim",
            "loc": "niebieskim"
          }
        },
        "plural": {
          "virile": {
            "nom": "niebiescy",
            "gen": "niebieskich",
            "dat": "niebieskim",
            "acc": "niebieskich",
            "ins": "niebieskimi",
            "loc": "niebieskich"
          },
          "nonvirile": {
            "nom": "niebieskie",
            "gen": "niebieskich",
            "dat": "niebieskim",
            "acc": "niebieskie",
            "ins": "niebieskimi",
            "loc": "niebieskich"
          }
        }
      },
      "adverb": "niebiesko",
      "comparative": {
        "singular": {
          "m1": {
            "nom": "bardziej niebieski",
            "gen": "bardziej niebieskiego",
            "dat": "bardziej niebieskiemu",
            "acc": "bardziej niebieskiego",
            "ins": "bardziej niebieskim",
            "loc": "bardziej niebieskim"
          },
          "m3": {
            "nom": "bardziej niebieski",
            "gen": "bardziej niebieskiego",
            "dat": "bardziej niebieskiemu",
            "acc": "bardziej niebieski",
            "ins": "bardziej niebieskim",
            "loc": "bardziej niebieskim"
          },
          "f": {
            "nom": "bardziej niebieska",
            "gen": "bardziej niebieskiej",
            "dat": "bardziej niebieskiej",
            "acc": "bardziej niebieską",
            "ins": "bardziej niebieską",
            "loc": "bardziej niebieskiej"
          },
          "n": {
            "nom": "bardziej niebieskie",
            "gen": "bardziej niebieskiego",
            "dat": "bardziej niebieskiemu",
            "acc": "bardziej niebieskie",
            "ins": "bardziej niebieskim",
            "loc": "bardziej niebieskim"
          }
        },
        "plural": {
          "virile": {
            "nom": "bardziej niebiescy",
            "gen": "bardziej niebieskich",
            "dat": "bardziej niebieskim",
            "acc": "bardziej niebieskich",
            "ins": "bardziej niebieskimi",
            "loc": "bardziej niebieskich"
          },
          "nonvirile": {
            "nom": "bardziej niebieskie",
            "gen": "bardziej niebieskich",
            "dat": "bardziej niebieskim",
            "acc": "bardziej niebieskie",
            "ins": "bardziej niebieskimi",
            "loc": "bardziej niebieskich"
          }
        }
      },
      "superlative": {
        "singular": {
          "m1": {
            "nom": "najbardziej niebieski",
            "gen": "najbardziej niebieskiego",
            "dat": "najbardziej niebieskiemu",
            "acc": "najbardziej niebieskiego",
            "ins": "najbardziej niebieskim",
            "loc": "najbardziej niebieskim"
          },
          "m3": {
            "nom": "najbardziej niebieski",
            "gen": "najbardziej niebieskiego",
            "dat": "najbardziej niebieskiemu",
            "acc": "najbardziej niebieski",
            "ins": "najbardziej niebieskim",
            "loc": "najbardziej niebieskim"
          },
          "f": {
            "nom": "najbardziej niebieska",
            "gen": "najbardziej niebieskiej",
            "dat": "najbardziej niebieskiej",
            "acc": "najbardziej niebieską",
            "ins": "najbardziej niebieską",
            "loc": "najbardziej niebieskiej"
          },
          "n": {
            "nom": "najbardziej niebieskie",
            "gen": "najbardziej niebieskiego",
            "dat": "najbardziej niebieskiemu",
            "acc": "najbardziej niebieskie",
            "ins": "najbardziej niebieskim",
            "loc": "najbardziej niebieskim"
          }
        },
        "plural": {
          "virile": {
            "nom": "najbardziej niebiescy",
            "gen": "najbardziej niebieskich",
            "dat": "najbardziej niebieskim",
            "acc": "najbardziej niebieskich",
            "ins": "najbardziej niebieskimi",
            "loc": "najbardziej niebieskich"
          },
          "nonvirile": {
            "nom": "najbardziej niebieskie",
            "gen": "najbardziej niebieskich",
            "dat": "najbardziej niebieskim",
            "acc": "najbardziej niebieskie",
            "ins": "najbardziej niebieskimi",
            "loc": "najbardziej niebieskich"
          }
        }
      }
    }
  },
  {
    "translations": {
      "ENG": [
        "red"
      ]
    },
    "tags": "xxxxxxxxx",
    "lemma": "czerwony",
    "id": null,
    "inflections": {
      "simple": {
        "singular": {
          "m1": {
            "nom": "czerwony",
            "gen": "czerwonego",
            "dat": "czerwonemu",
            "acc": "czerwonego",
            "ins": "czerwonym",
            "loc": "czerwonym"
          },
          "m3": {
            "nom": "czerwony",
            "gen": "czerwonego",
            "dat": "czerwonemu",
            "acc": "czerwony",
            "ins": "czerwonym",
            "loc": "czerwonym"
          },
          "f": {
            "nom": "czerwona",
            "gen": "czerwonej",
            "dat": "czerwonej",
            "acc": "czerwoną",
            "ins": "czerwoną",
            "loc": "czerwonej"
          },
          "n": {
            "nom": "czerwone",
            "gen": "czerwonego",
            "dat": "czerwonemu",
            "acc": "czerwone",
            "ins": "czerwonym",
            "loc": "czerwonym"
          }
        },
        "plural": {
          "virile": {
            "nom": "czerwoni",
            "gen": "czerwonych",
            "dat": "czerwonym",
            "acc": "czerwonych",
            "ins": "czerwonymi",
            "loc": "czerwonych"
          },
          "nonvirile": {
            "nom": "czerwone",
            "gen": "czerwonych",
            "dat": "czerwonym",
            "acc": "czerwone",
            "ins": "czerwonymi",
            "loc": "czerwonych"
          }
        }
      },
      "adverb": "czerwono",
      "comparative": {
        "singular": {
          "m1": {
            "nom": {
              "isTerminus": true,
              "normal": ["bardziej czerwony"],
              "additionalInfrequent": ["czerwieńszy"]
            },
            "gen": {
              "isTerminus": true,
              "normal": ["bardziej czerwonego"],
              "additionalInfrequent": ["czerwieńszego"]
            },
            "dat": {
              "isTerminus": true,
              "normal": ["bardziej czerwonemu"],
              "additionalInfrequent": ["czerwieńszemu"]
            },
            "acc": {
              "isTerminus": true,
              "normal": ["bardziej czerwonego"],
              "additionalInfrequent": ["czerwieńszego"]
            },
            "ins": {
              "isTerminus": true,
              "normal": ["bardziej czerwonym"],
              "additionalInfrequent": ["czerwieńszym"]
            },
            "loc": {
              "isTerminus": true,
              "normal": ["bardziej czerwonym"],
              "additionalInfrequent": ["czerwieńszym"]
            }
          },
          "m3": {
            "nom": {
              "isTerminus": true,
              "normal": ["bardziej czerwony"],
              "additionalInfrequent": ["czerwieńszy"]
            },
            "gen": {
              "isTerminus": true,
              "normal": ["bardziej czerwonego"],
              "additionalInfrequent": ["czerwieńszego"]
            },
            "dat": {
              "isTerminus": true,
              "normal": ["bardziej czerwonemu"],
              "additionalInfrequent": ["czerwieńszemu"]
            },
            "acc": {
              "isTerminus": true,
              "normal": ["bardziej czerwony"],
              "additionalInfrequent": ["czerwieńszy"]
            },
            "ins": {
              "isTerminus": true,
              "normal": ["bardziej czerwonym"],
              "additionalInfrequent": ["czerwieńszym"]
            },
            "loc": {
              "isTerminus": true,
              "normal": ["bardziej czerwonym"],
              "additionalInfrequent": ["czerwieńszym"]
            }
          },
          "f": {
            "nom": {
              "isTerminus": true,
              "normal": ["bardziej czerwona"],
              "additionalInfrequent": ["czerwieńsza"]
            },
            "gen": {
              "isTerminus": true,
              "normal": ["bardziej czerwonej"],
              "additionalInfrequent": ["czerwieńszej"]
            },
            "dat": {
              "isTerminus": true,
              "normal": ["bardziej czerwonej"],
              "additionalInfrequent": ["czerwieńszej"]
            },
            "acc": {
              "isTerminus": true,
              "normal": ["bardziej czerwoną"],
              "additionalInfrequent": ["czerwieńszą"]
            },
            "ins": {
              "isTerminus": true,
              "normal": ["bardziej czerwoną"],
              "additionalInfrequent": ["czerwieńszą"]
            },
            "loc": {
              "isTerminus": true,
              "normal": ["bardziej czerwonej"],
              "additionalInfrequent": ["czerwieńszej"]
            }
          },
          "n": {
            "nom": {
              "isTerminus": true,
              "normal": ["bardziej czerwone"],
              "additionalInfrequent": ["czerwieńsze"]
            },
            "gen": {
              "isTerminus": true,
              "normal": ["bardziej czerwonego"],
              "additionalInfrequent": ["czerwieńszego"]
            },
            "dat": {
              "isTerminus": true,
              "normal": ["bardziej czerwonemu"],
              "additionalInfrequent": ["czerwieńszemu"]
            },
            "acc": {
              "isTerminus": true,
              "normal": ["bardziej czerwone"],
              "additionalInfrequent": ["czerwieńsze"]
            },
            "ins": {
              "isTerminus": true,
              "normal": ["bardziej czerwonym"],
              "additionalInfrequent": ["czerwieńszym"]
            },
            "loc": {
              "isTerminus": true,
              "normal": ["bardziej czerwonym"],
              "additionalInfrequent": ["czerwieńszym"]
            }
          }
        },
        "plural": {
          "virile": {
            "nom": {
              "isTerminus": true,
              "normal": ["bardziej czerwoni"],
              "additionalInfrequent": ["czerwieńsi"]
            },
            "gen": {
              "isTerminus": true,
              "normal": ["bardziej czerwonych"],
              "additionalInfrequent": ["czerwieńszych"]
            },
            "dat": {
              "isTerminus": true,
              "normal": ["bardziej czerwonym"],
              "additionalInfrequent": ["czerwieńszym"]
            },
            "acc": {
              "isTerminus": true,
              "normal": ["bardziej czerwonych"],
              "additionalInfrequent": ["czerwieńszych"]
            },
            "ins": {
              "isTerminus": true,
              "normal": ["bardziej czerwonymi"],
              "additionalInfrequent": ["czerwieńszymi"]
            },
            "loc": {
              "isTerminus": true,
              "normal": ["bardziej czerwonych"],
              "additionalInfrequent": ["czerwieńszych"]
            }
          },
          "nonvirile": {
            "nom": {
              "isTerminus": true,
              "normal": ["bardziej czerwone"],
              "additionalInfrequent": ["czerwieńsze"]
            },
            "gen": {
              "isTerminus": true,
              "normal": ["bardziej czerwonych"],
              "additionalInfrequent": ["czerwieńszych"]
            },
            "dat": {
              "isTerminus": true,
              "normal": ["bardziej czerwonym"],
              "additionalInfrequent": ["czerwieńszym"]
            },
            "acc": {
              "isTerminus": true,
              "normal": ["bardziej czerwone"],
              "additionalInfrequent": ["czerwieńsze"]
            },
            "ins": {
              "isTerminus": true,
              "normal": ["bardziej czerwonymi"],
              "additionalInfrequent": ["czerwieńszymi"]
            },
            "loc": {
              "isTerminus": true,
              "normal": ["bardziej czerwonych"],
              "additionalInfrequent": ["czerwieńszych"]
            }
          }
        }
      },
      "superlative": {
        "singular": {
          "m1": {
            "nom": {
              "isTerminus": true,
              "normal": ["najbardziej czerwony"],
              "additionalInfrequent": ["najczerwieńszy"]
            },
            "gen": {
              "isTerminus": true,
              "normal": ["najbardziej czerwonego"],
              "additionalInfrequent": ["najczerwieńszego"]
            },
            "dat": {
              "isTerminus": true,
              "normal": ["najbardziej czerwonemu"],
              "additionalInfrequent": ["najczerwieńszemu"]
            },
            "acc": {
              "isTerminus": true,
              "normal": ["najbardziej czerwonego"],
              "additionalInfrequent": ["najczerwieńszego"]
            },
            "ins": {
              "isTerminus": true,
              "normal": ["najbardziej czerwonym"],
              "additionalInfrequent": ["najczerwieńszym"]
            },
            "loc": {
              "isTerminus": true,
              "normal": ["najbardziej czerwonym"],
              "additionalInfrequent": ["najczerwieńszym"]
            }
          },
          "m3": {
            "nom": {
              "isTerminus": true,
              "normal": ["najbardziej czerwony"],
              "additionalInfrequent": ["najczerwieńszy"]
            },
            "gen": {
              "isTerminus": true,
              "normal": ["najbardziej czerwonego"],
              "additionalInfrequent": ["najczerwieńszego"]
            },
            "dat": {
              "isTerminus": true,
              "normal": ["najbardziej czerwonemu"],
              "additionalInfrequent": ["najczerwieńszemu"]
            },
            "acc": {
              "isTerminus": true,
              "normal": ["najbardziej czerwony"],
              "additionalInfrequent": ["najczerwieńszy"]
            },
            "ins": {
              "isTerminus": true,
              "normal": ["najbardziej czerwonym"],
              "additionalInfrequent": ["najczerwieńszym"]
            },
            "loc": {
              "isTerminus": true,
              "normal": ["najbardziej czerwonym"],
              "additionalInfrequent": ["najczerwieńszym"]
            }
          },
          "f": {
            "nom": {
              "isTerminus": true,
              "normal": ["najbardziej czerwona"],
              "additionalInfrequent": ["najczerwieńsza"]
            },
            "gen": {
              "isTerminus": true,
              "normal": ["najbardziej czerwonej"],
              "additionalInfrequent": ["najczerwieńszej"]
            },
            "dat": {
              "isTerminus": true,
              "normal": ["najbardziej czerwonej"],
              "additionalInfrequent": ["najczerwieńszej"]
            },
            "acc": {
              "isTerminus": true,
              "normal": ["najbardziej czerwoną"],
              "additionalInfrequent": ["najczerwieńszą"]
            },
            "ins": {
              "isTerminus": true,
              "normal": ["najbardziej czerwoną"],
              "additionalInfrequent": ["najczerwieńszą"]
            },
            "loc": {
              "isTerminus": true,
              "normal": ["najbardziej czerwonej"],
              "additionalInfrequent": ["najczerwieńszej"]
            }
          },
          "n": {
            "nom": {
              "isTerminus": true,
              "normal": ["najbardziej czerwone"],
              "additionalInfrequent": ["najczerwieńsze"]
            },
            "gen": {
              "isTerminus": true,
              "normal": ["najbardziej czerwonego"],
              "additionalInfrequent": ["najczerwieńszego"]
            },
            "dat": {
              "isTerminus": true,
              "normal": ["najbardziej czerwonemu"],
              "additionalInfrequent": ["najczerwieńszemu"]
            },
            "acc": {
              "isTerminus": true,
              "normal": ["najbardziej czerwone"],
              "additionalInfrequent": ["najczerwieńsze"]
            },
            "ins": {
              "isTerminus": true,
              "normal": ["najbardziej czerwonym"],
              "additionalInfrequent": ["najczerwieńszym"]
            },
            "loc": {
              "isTerminus": true,
              "normal": ["najbardziej czerwonym"],
              "additionalInfrequent": ["najczerwieńszym"]
            }
          }
        },
        "plural": {
          "virile": {
            "nom": {
              "isTerminus": true,
              "normal": ["najbardziej czerwoni"],
              "additionalInfrequent": ["najczerwieńsi"]
            },
            "gen": {
              "isTerminus": true,
              "normal": ["najbardziej czerwonych"],
              "additionalInfrequent": ["najczerwieńszych"]
            },
            "dat": {
              "isTerminus": true,
              "normal": ["najbardziej czerwonym"],
              "additionalInfrequent": ["najczerwieńszym"]
            },
            "acc": {
              "isTerminus": true,
              "normal": ["najbardziej czerwonych"],
              "additionalInfrequent": ["najczerwieńszych"]
            },
            "ins": {
              "isTerminus": true,
              "normal": ["najbardziej czerwonymi"],
              "additionalInfrequent": ["najczerwieńszymi"]
            },
            "loc": {
              "isTerminus": true,
              "normal": ["najbardziej czerwonych"],
              "additionalInfrequent": ["najczerwieńszych"]
            }
          },
          "nonvirile": {
            "nom": {
              "isTerminus": true,
              "normal": ["najbardziej czerwone"],
              "additionalInfrequent": ["najczerwieńsze"]
            },
            "gen": {
              "isTerminus": true,
              "normal": ["najbardziej czerwonych"],
              "additionalInfrequent": ["najczerwieńszych"]
            },
            "dat": {
              "isTerminus": true,
              "normal": ["najbardziej czerwonym"],
              "additionalInfrequent": ["najczerwieńszym"]
            },
            "acc": {
              "isTerminus": true,
              "normal": ["najbardziej czerwone"],
              "additionalInfrequent": ["najczerwieńsze"]
            },
            "ins": {
              "isTerminus": true,
              "normal": ["najbardziej czerwonymi"],
              "additionalInfrequent": ["najczerwieńszymi"]
            },
            "loc": {
              "isTerminus": true,
              "normal": ["najbardziej czerwonych"],
              "additionalInfrequent": ["najczerwieńszych"]
            }
          }
        }
      }
    }
  }
]