[
  {
    "tags": "xxxxxxxxx",
    "lemma": "zielony",
    "translations": [
      "green"
    ],
    "translations_additional": [
      "colloquial",
      "green",
      "new",
      "On jest totalnie",
      "zielony",
      "w tym obszarze.",
      "―",
      "He's totally",
      "green",
      "in this field"
    ],
    "comparative_type": 3,
    "pluvirnom": [
      "zieloni"
    ],
    "adverb": [
      "zielono"
    ],
    "comparative": "zieleńszy"
  }
]