[
  {
    "translations": {
      "ENG": [
        "old"
      ]
    },
    "tags": "xxxxxxxxx",
    "lemma": "stary",
    "id": null,
    "inflections": {
      "simple": {
        "singular": {
          "m1": {
            "nom": "stary",
            "gen": "starego",
            "dat": "staremu",
            "acc": "starego",
            "ins": "starym",
            "loc": "starym"
          },
          "m3": {
            "nom": "stary",
            "gen": "starego",
            "dat": "staremu",
            "acc": "stary",
            "ins": "starym",
            "loc": "starym"
          },
          "f": {
            "nom": "stara",
            "gen": "starej",
            "dat": "starej",
            "acc": "starą",
            "ins": "starą",
            "loc": "starej"
          },
          "n": {
            "nom": "stare",
            "gen": "starego",
            "dat": "staremu",
            "acc": "stare",
            "ins": "starym",
            "loc": "starym"
          }
        },
        "plural": {
          "virile": {
            "nom": "starzy",
            "gen": "starych",
            "dat": "starym",
            "acc": "starych",
            "ins": "starymi",
            "loc": "starych"
          },
          "nonvirile": {
            "nom": "stare",
            "gen": "starych",
            "dat": "starym",
            "acc": "stare",
            "ins": "starymi",
            "loc": "starych"
          }
        }
      },
      "adverb": "staro",
      "comparative": {
        "singular": {
          "m1": {
            "nom": "starszy",
            "gen": "starszego",
            "dat": "starszemu",
            "acc": "starszego",
            "ins": "starszym",
            "loc": "starszym"
          },
          "m3": {
            "nom": "starszy",
            "gen": "starszego",
            "dat": "starszemu",
            "acc": "starszy",
            "ins": "starszym",
            "loc": "starszym"
          },
          "f": {
            "nom": "starsza",
            "gen": "starszej",
            "dat": "starszej",
            "acc": "starszą",
            "ins": "starszą",
            "loc": "starszej"
          },
          "n": {
            "nom": "starsze",
            "gen": "starszego",
            "dat": "starszemu",
            "acc": "starsze",
            "ins": "starszym",
            "loc": "starszym"
          }
        },
        "plural": {
          "virile": {
            "nom": "starsi",
            "gen": "starszych",
            "dat": "starszym",
            "acc": "starszych",
            "ins": "starszymi",
            "loc": "starszych"
          },
          "nonvirile": {
            "nom": "starsze",
            "gen": "starszych",
            "dat": "starszym",
            "acc": "starsze",
            "ins": "starszymi",
            "loc": "starszych"
          }
        }
      },
      "superlative": {
        "singular": {
          "m1": {
            "nom": "najstarszy",
            "gen": "najstarszego",
            "dat": "najstarszemu",
            "acc": "najstarszego",
            "ins": "najstarszym",
            "loc": "najstarszym"
          },
          "m3": {
            "nom": "najstarszy",
            "gen": "najstarszego",
            "dat": "najstarszemu",
            "acc": "najstarszy",
            "ins": "najstarszym",
            "loc": "najstarszym"
          },
          "f": {
            "nom": "najstarsza",
            "gen": "najstarszej",
            "dat": "najstarszej",
            "acc": "najstarszą",
            "ins": "najstarszą",
            "loc": "najstarszej"
          },
          "n": {
            "nom": "najstarsze",
            "gen": "najstarszego",
            "dat": "najstarszemu",
            "acc": "najstarsze",
            "ins": "najstarszym",
            "loc": "najstarszym"
          }
        },
        "plural": {
          "virile": {
            "nom": "najstarsi",
            "gen": "najstarszych",
            "dat": "najstarszym",
            "acc": "najstarszych",
            "ins": "najstarszymi",
            "loc": "najstarszych"
          },
          "nonvirile": {
            "nom": "najstarsze",
            "gen": "najstarszych",
            "dat": "najstarszym",
            "acc": "najstarsze",
            "ins": "najstarszymi",
            "loc": "najstarszych"
          }
        }
      }
    }
  }
]