[
  {
    "lemma": "zgniły",
    "tags": "xxxxxxxxx",
    "translations": {
      "ENG": [
        "rotten"
      ]
    },
    "inflections": {
      "simple": {
        "singular": {
          "m1": {
            "nom": "zgniły",
            "gen": "zgniłego",
            "dat": "zgniłemu",
            "acc": "zgniłego",
            "ins": "zgniłym",
            "loc": "zgniłym"
          },
          "m3": {
            "nom": "zgniły",
            "gen": "zgniłego",
            "dat": "zgniłemu",
            "acc": "zgniły",
            "ins": "zgniłym",
            "loc": "zgniłym"
          },
          "f": {
            "nom": "zgniła",
            "gen": "zgniłej",
            "dat": "zgniłej",
            "acc": "zgniłą",
            "ins": "zgniłą",
            "loc": "zgniłej"
          },
          "n": {
            "nom": "zgniłe",
            "gen": "zgniłego",
            "dat": "zgniłemu",
            "acc": "zgniłe",
            "ins": "zgniłym",
            "loc": "zgniłym"
          }
        },
        "plural": {
          "virile": {
            "nom": "zgnili",
            "gen": "zgniłych",
            "dat": "zgniłym",
            "acc": "zgniłych",
            "ins": "zgniłymi",
            "loc": "zgniłych"
          },
          "nonvirile": {
            "nom": "zgniłe",
            "gen": "zgniłych",
            "dat": "zgniłym",
            "acc": "zgniłe",
            "ins": "zgniłymi",
            "loc": "zgniłych"
          }
        }
      },
      "comparative": {
        "singular": {
          "m1": {
            "nom": "bardziej zgniły",
            "gen": "bardziej zgniłego",
            "dat": "bardziej zgniłemu",
            "acc": "bardziej zgniłego",
            "ins": "bardziej zgniłym",
            "loc": "bardziej zgniłym"
          },
          "m3": {
            "nom": "bardziej zgniły",
            "gen": "bardziej zgniłego",
            "dat": "bardziej zgniłemu",
            "acc": "bardziej zgniły",
            "ins": "bardziej zgniłym",
            "loc": "bardziej zgniłym"
          },
          "f": {
            "nom": "bardziej zgniła",
            "gen": "bardziej zgniłej",
            "dat": "bardziej zgniłej",
            "acc": "bardziej zgniłą",
            "ins": "bardziej zgniłą",
            "loc": "bardziej zgniłej"
          },
          "n": {
            "nom": "bardziej zgniłe",
            "gen": "bardziej zgniłego",
            "dat": "bardziej zgniłemu",
            "acc": "bardziej zgniłe",
            "ins": "bardziej zgniłym",
            "loc": "bardziej zgniłym"
          }
        },
        "plural": {
          "virile": {
            "nom": "bardziej zgnili",
            "gen": "bardziej zgniłych",
            "dat": "bardziej zgniłym",
            "acc": "bardziej zgniłych",
            "ins": "bardziej zgniłymi",
            "loc": "bardziej zgniłych"
          },
          "nonvirile": {
            "nom": "bardziej zgniłe",
            "gen": "bardziej zgniłych",
            "dat": "bardziej zgniłym",
            "acc": "bardziej zgniłe",
            "ins": "bardziej zgniłymi",
            "loc": "bardziej zgniłych"
          }
        }
      },
      "superlative": {
        "singular": {
          "m1": {
            "nom": "najbardziej zgniły",
            "gen": "najbardziej zgniłego",
            "dat": "najbardziej zgniłemu",
            "acc": "najbardziej zgniłego",
            "ins": "najbardziej zgniłym",
            "loc": "najbardziej zgniłym"
          },
          "m3": {
            "nom": "najbardziej zgniły",
            "gen": "najbardziej zgniłego",
            "dat": "najbardziej zgniłemu",
            "acc": "najbardziej zgniły",
            "ins": "najbardziej zgniłym",
            "loc": "najbardziej zgniłym"
          },
          "f": {
            "nom": "najbardziej zgniła",
            "gen": "najbardziej zgniłej",
            "dat": "najbardziej zgniłej",
            "acc": "najbardziej zgniłą",
            "ins": "najbardziej zgniłą",
            "loc": "najbardziej zgniłej"
          },
          "n": {
            "nom": "najbardziej zgniłe",
            "gen": "najbardziej zgniłego",
            "dat": "najbardziej zgniłemu",
            "acc": "najbardziej zgniłe",
            "ins": "najbardziej zgniłym",
            "loc": "najbardziej zgniłym"
          }
        },
        "plural": {
          "virile": {
            "nom": "najbardziej zgnili",
            "gen": "najbardziej zgniłych",
            "dat": "najbardziej zgniłym",
            "acc": "najbardziej zgniłych",
            "ins": "najbardziej zgniłymi",
            "loc": "najbardziej zgniłych"
          },
          "nonvirile": {
            "nom": "najbardziej zgniłe",
            "gen": "najbardziej zgniłych",
            "dat": "najbardziej zgniłym",
            "acc": "najbardziej zgniłe",
            "ins": "najbardziej zgniłymi",
            "loc": "najbardziej zgniłych"
          }
        }
      }
    },
    "id": null
  }
]