[
  {
    "tags": "xxxxxxxxx",
    "lemma": "średniowieczny",
    "translations": [
      "medieval"
    ],
    "comparative_type": 0,
    "pluvirnom": [
      "średniowieczni"
    ]
  }
]