[
  {
    "translations": {
      "ENG": [
        "almost boogly",
        "a little woogly"
      ]
    },
    "tags": "xxxxxxxxx",
    "lemma": "oogly",
    "id": null,
    "inflections": {
      "simple": {
        "singular": {
          "m1": {
            "nom": "oogly",
            "gen": "ooglego",
            "dat": "ooglemu",
            "acc": "ooglego",
            "ins": "ooglym",
            "loc": "ooglym"
          },
          "m3": {
            "nom": "oogly",
            "gen": "ooglego",
            "dat": "ooglemu",
            "acc": "oogly",
            "ins": "ooglym",
            "loc": "ooglym"
          },
          "f": {
            "nom": "oogla",
            "gen": "ooglej",
            "dat": "ooglej",
            "acc": "ooglą",
            "ins": "ooglą",
            "loc": "ooglej"
          },
          "n": {
            "nom": "oogle",
            "gen": "ooglego",
            "dat": "ooglemu",
            "acc": "oogle",
            "ins": "ooglym",
            "loc": "ooglym"
          }
        },
        "plural": {
          "virile": {
            "nom": {
              "isTerminus": true,
              "normal": [
                "oogli",
                "ooglji"
              ],
              "additionalInfrequent": []
            },
            "gen": "ooglych",
            "dat": "ooglym",
            "acc": "ooglych",
            "ins": "ooglymi",
            "loc": "ooglych"
          },
          "nonvirile": {
            "nom": "oogle",
            "gen": "ooglych",
            "dat": "ooglym",
            "acc": "oogle",
            "ins": "ooglymi",
            "loc": "ooglych"
          }
        }
      },
      "adverb": {
        "isTerminus": true,
        "normal": [
          "ooglo",
          "ooglie"
        ],
        "additionalInfrequent": []
      },
      "comparative": {
        "singular": {
          "m1": {
            "nom": {
              "isTerminus": true,
              "normal": [
                "ooglszy",
                "booglszy",
                "bardziej oogly"
              ]
            },
            "gen": {
              "isTerminus": true,
              "normal": [
                "ooglszego",
                "booglszego",
                "bardziej ooglego"
              ]
            },
            "dat": {
              "isTerminus": true,
              "normal": [
                "ooglszemu",
                "booglszemu",
                "bardziej ooglemu"
              ]
            },
            "acc": {
              "isTerminus": true,
              "normal": [
                "ooglszego",
                "booglszego",
                "bardziej ooglego"
              ]
            },
            "ins": {
              "isTerminus": true,
              "normal": [
                "ooglszym",
                "booglszym",
                "bardziej ooglym"
              ]
            },
            "loc": {
              "isTerminus": true,
              "normal": [
                "ooglszym",
                "booglszym",
                "bardziej ooglym"
              ]
            }
          },
          "m3": {
            "nom": {
              "isTerminus": true,
              "normal": [
                "ooglszy",
                "booglszy",
                "bardziej oogly"
              ]
            },
            "gen": {
              "isTerminus": true,
              "normal": [
                "ooglszego",
                "booglszego",
                "bardziej ooglego"
              ]
            },
            "dat": {
              "isTerminus": true,
              "normal": [
                "ooglszemu",
                "booglszemu",
                "bardziej ooglemu"
              ]
            },
            "acc": {
              "isTerminus": true,
              "normal": [
                "ooglszy",
                "booglszy",
                "bardziej oogly"
              ]
            },
            "ins": {
              "isTerminus": true,
              "normal": [
                "ooglszym",
                "booglszym",
                "bardziej ooglym"
              ]
            },
            "loc": {
              "isTerminus": true,
              "normal": [
                "ooglszym",
                "booglszym",
                "bardziej ooglym"
              ]
            }
          },
          "f": {
            "nom": {
              "isTerminus": true,
              "normal": [
                "ooglsza",
                "booglsza",
                "bardziej oogla"
              ]
            },
            "gen": {
              "isTerminus": true,
              "normal": [
                "ooglszej",
                "booglszej",
                "bardziej ooglej"
              ]
            },
            "dat": {
              "isTerminus": true,
              "normal": [
                "ooglszej",
                "booglszej",
                "bardziej ooglej"
              ]
            },
            "acc": {
              "isTerminus": true,
              "normal": [
                "ooglszą",
                "booglszą",
                "bardziej ooglą"
              ]
            },
            "ins": {
              "isTerminus": true,
              "normal": [
                "ooglszą",
                "booglszą",
                "bardziej ooglą"
              ]
            },
            "loc": {
              "isTerminus": true,
              "normal": [
                "ooglszej",
                "booglszej",
                "bardziej ooglej"
              ]
            }
          },
          "n": {
            "nom": {
              "isTerminus": true,
              "normal": [
                "ooglsze",
                "booglsze",
                "bardziej oogle"
              ]
            },
            "gen": {
              "isTerminus": true,
              "normal": [
                "ooglszego",
                "booglszego",
                "bardziej ooglego"
              ]
            },
            "dat": {
              "isTerminus": true,
              "normal": [
                "ooglszemu",
                "booglszemu",
                "bardziej ooglemu"
              ]
            },
            "acc": {
              "isTerminus": true,
              "normal": [
                "ooglsze",
                "booglsze",
                "bardziej oogle"
              ]
            },
            "ins": {
              "isTerminus": true,
              "normal": [
                "ooglszym",
                "booglszym",
                "bardziej ooglym"
              ]
            },
            "loc": {
              "isTerminus": true,
              "normal": [
                "ooglszym",
                "booglszym",
                "bardziej ooglym"
              ]
            }
          }
        },
        "plural": {
          "virile": {
            "nom": {
              "isTerminus": true,
              "normal": [
                "ooglsi",
                "booglsi",
                "bardziej oogli",
                "bardziej ooglji"
              ]
            },
            "gen": {
              "isTerminus": true,
              "normal": [
                "ooglszych",
                "booglszych",
                "bardziej ooglych"
              ]
            },
            "dat": {
              "isTerminus": true,
              "normal": [
                "ooglszym",
                "booglszym",
                "bardziej ooglym"
              ]
            },
            "acc": {
              "isTerminus": true,
              "normal": [
                "ooglszych",
                "booglszych",
                "bardziej ooglych"
              ]
            },
            "ins": {
              "isTerminus": true,
              "normal": [
                "ooglszymi",
                "booglszymi",
                "bardziej ooglymi"
              ]
            },
            "loc": {
              "isTerminus": true,
              "normal": [
                "ooglszych",
                "booglszych",
                "bardziej ooglych"
              ]
            }
          },
          "nonvirile": {
            "nom": {
              "isTerminus": true,
              "normal": [
                "ooglsze",
                "booglsze",
                "bardziej oogle"
              ]
            },
            "gen": {
              "isTerminus": true,
              "normal": [
                "ooglszych",
                "booglszych",
                "bardziej ooglych"
              ]
            },
            "dat": {
              "isTerminus": true,
              "normal": [
                "ooglszym",
                "booglszym",
                "bardziej ooglym"
              ]
            },
            "acc": {
              "isTerminus": true,
              "normal": [
                "ooglsze",
                "booglsze",
                "bardziej oogle"
              ]
            },
            "ins": {
              "isTerminus": true,
              "normal": [
                "ooglszymi",
                "booglszymi",
                "bardziej ooglymi"
              ]
            },
            "loc": {
              "isTerminus": true,
              "normal": [
                "ooglszych",
                "booglszych",
                "bardziej ooglych"
              ]
            }
          }
        }
      },
      "superlative": {
        "singular": {
          "m1": {
            "nom": {
              "isTerminus": true,
              "normal": [
                "najooglszy",   "najbooglszy",

                "najbardziej oogly"
              ]
            },
            "gen": {
              "isTerminus": true,
              "normal": [
                 "najooglszego",  "najbooglszego",

                "najbardziej ooglego"
              ]
            },
            "dat": {
              "isTerminus": true,
              "normal": [
                 "najooglszemu",  "najbooglszemu",

                "najbardziej ooglemu"
              ]
            },
            "acc": {
              "isTerminus": true,
              "normal": [
                  "najooglszego", "najbooglszego",

                "najbardziej ooglego"
              ]
            },
            "ins": {
              "isTerminus": true,
              "normal": [
                "najooglszym",  "najbooglszym",

                "najbardziej ooglym"
              ]
            },
            "loc": {
              "isTerminus": true,
              "normal": [
               "najooglszym",  "najbooglszym",

                "najbardziej ooglym"
              ]
            }
          },
          "m3": {
            "nom": {
              "isTerminus": true,
              "normal": [
              "najooglszy",  "najbooglszy",

                "najbardziej oogly"
              ]
            },
            "gen": {
              "isTerminus": true,
              "normal": [
                 "najooglszego", "najbooglszego",

                "najbardziej ooglego"
              ]
            },
            "dat": {
              "isTerminus": true,
              "normal": [
              "najooglszemu",   "najbooglszemu",

                "najbardziej ooglemu"
              ]
            },
            "acc": {
              "isTerminus": true,
              "normal": [
                 "najooglszy",  "najbooglszy",

                "najbardziej oogly"
              ]
            },
            "ins": {
              "isTerminus": true,
              "normal": [
               "najooglszym", "najbooglszym",

                "najbardziej ooglym"
              ]
            },
            "loc": {
              "isTerminus": true,
              "normal": [
                 "najooglszym", "najbooglszym",

                "najbardziej ooglym"
              ]
            }
          },
          "f": {
            "nom": {
              "isTerminus": true,
              "normal": [
               "najooglsza",  "najbooglsza",

                "najbardziej oogla"
              ]
            },
            "gen": {
              "isTerminus": true,
              "normal": [
                 "najooglszej", "najbooglszej",

                "najbardziej ooglej"
              ]
            },
            "dat": {
              "isTerminus": true,
              "normal": [
               "najooglszej", "najbooglszej",

                "najbardziej ooglej"
              ]
            },
            "acc": {
              "isTerminus": true,
              "normal": [
                "najooglszą",   "najbooglszą",

                "najbardziej ooglą"
              ]
            },
            "ins": {
              "isTerminus": true,
              "normal": [
              "najooglszą",  "najbooglszą",

                "najbardziej ooglą"
              ]
            },
            "loc": {
              "isTerminus": true,
              "normal": [
                   "najooglszej",  "najbooglszej",

                "najbardziej ooglej"
              ]
            }
          },
          "n": {
            "nom": {
              "isTerminus": true,
              "normal": [
               "najooglsze",  "najbooglsze",

                "najbardziej oogle"
              ]
            },
            "gen": {
              "isTerminus": true,
              "normal": [
                "najooglszego",  "najbooglszego",

                "najbardziej ooglego"
              ]
            },
            "dat": {
              "isTerminus": true,
              "normal": [
              "najooglszemu",   "najbooglszemu",

                "najbardziej ooglemu"
              ]
            },
            "acc": {
              "isTerminus": true,
              "normal": [
               "najooglsze",   "najbooglsze",

                "najbardziej oogle"
              ]
            },
            "ins": {
              "isTerminus": true,
              "normal": [
              "najooglszym",    "najbooglszym",

                "najbardziej ooglym"
              ]
            },
            "loc": {
              "isTerminus": true,
              "normal": [
              "najooglszym",  "najbooglszym",

                "najbardziej ooglym"
              ]
            }
          }
        },
        "plural": {
          "virile": {
            "nom": {
              "isTerminus": true,
              "normal": [
               "najooglsi",   "najbooglsi",

                "najbardziej oogli",
                "najbardziej ooglji"
              ]
            },
            "gen": {
              "isTerminus": true,
              "normal": [
               "najooglszych",   "najbooglszych",

                "najbardziej ooglych"
              ]
            },
            "dat": {
              "isTerminus": true,
              "normal": [
               "najooglszym",    "najbooglszym",

                "najbardziej ooglym"
              ]
            },
            "acc": {
              "isTerminus": true,
              "normal": [
             "najooglszych",     "najbooglszych",

                "najbardziej ooglych"
              ]
            },
            "ins": {
              "isTerminus": true,
              "normal": [
              "najooglszymi",     "najbooglszymi",

                "najbardziej ooglymi"
              ]
            },
            "loc": {
              "isTerminus": true,
              "normal": [
                  "najooglszych",   "najbooglszych",

                "najbardziej ooglych"
              ]
            }
          },
          "nonvirile": {
            "nom": {
              "isTerminus": true,
              "normal": [
               "najooglsze",   "najbooglsze",

                "najbardziej oogle"
              ]
            },
            "gen": {
              "isTerminus": true,
              "normal": [
                "najooglszych",   "najbooglszych",

                "najbardziej ooglych"
              ]
            },
            "dat": {
              "isTerminus": true,
              "normal": [
             "najooglszym",     "najbooglszym",

                "najbardziej ooglym"
              ]
            },
            "acc": {
              "isTerminus": true,
              "normal": [
                 "najooglsze",    "najbooglsze",

                "najbardziej oogle"
              ]
            },
            "ins": {
              "isTerminus": true,
              "normal": [
             "najooglszymi",    "najbooglszymi",

                "najbardziej ooglymi"
              ]
            },
            "loc": {
              "isTerminus": true,
              "normal": [
              "najooglszych",     "najbooglszych",

                "najbardziej ooglych"
              ]
            }
          }
        }
      }
    }
  }
]