[
  {
    "tags": "xxxxxxxxx",
    "lemma": "czerwony",
    "translations": [
      "red"
    ],
    "comparative_type": 3,
    "pluvirnom_lemma": [
      "czerwoni"
    ],
    "adverb": [
      "czerwono"
    ],
    "comparative": "czerwieńszy"
  },
  {
    "tags": "xxxxxxxxx",
    "lemma": "stary",
    "translations": [
      "old"
    ],
    "translations_additional": [
      "in the late stage of life",
      "Antonym:",
      "młody",
      "old",
      "having existed for a long time",
      " or having known something for a long time",
      "Antonym:",
      "nowy"
    ],
    "comparative_type": 1,
    "pluvirnom_lemma": [
      "starzy"
    ],
    "adverb": [
      "staro"
    ],
    "comparative": "starszy"
  },
  {
    "tags": "xxxxxxxxx",
    "lemma": "narodowy",
    "translations": [
      "national"
    ],
    "comparative_type": 0,
    "pluvirnom_lemma": [
      "narodowi"
    ]
  }
]