[
  {
    "lemma": "narodowy",
    "translations": [
      "national"
    ],
    "comparative_type": 0,
    "pluvirnom": [
      "narodowi"
    ]
  }
]