[
    {
        "translations": {
            "ENG": [
                "red"
            ]
        },
        "comparative_type": 3,
        "pluvirnom_lemma": [
            "czerwoni"
        ],
        "adverb": [
            "czerwono"
        ],
        "comparative": "czerwieńszy",
        "lemma": "czerwony",
        "tags": "xxxxxxxxx"
    },
    {
        "translations": {
            "ENG": [
                "old",
                "(in the late stage of life)",
                "old",
                "(having existed for a long time, or having known something for a long time)"
            ]
        },
        "comparative_type": 1,
        "pluvirnom_lemma": [
            "starzy"
        ],
        "adverb": [
            "staro"
        ],
        "comparative": "starszy",
        "extra": {
            "antonyms": [
                "młody",
                "nowy"
            ]
        },
        "lemma": "stary",
        "tags": "xxxxxxxxx"
    },
    {
        "translations": {
            "ENG": [
                "national"
            ]
        },
        "comparative_type": 0,
        "pluvirnom_lemma": [
            "narodowi"
        ],
        "lemma": "narodowy",
        "tags": "xxxxxxxxx"
    },
    {
        "translations": {
            "ENG": [
                "blue",
                "(dated)",
                "celestial",
                "(heraldry)",
                "azure"
            ]
        },
        "comparative_type": 2,
        "pluvirnom_lemma": [
            "niebiescy"
        ],
        "adverb": [
            "niebiesko"
        ],
        "extra": {
            "synonyms": [
                "niebiański"
            ]
        },
        "lemma": "niebieski",
        "tags": "xxxxxxxxx"
    }
]