[
  {
    "translations": {
      "ENG": [
        "national"
      ]
    },
    "tags": "xxxxxxxxx",
    "lemma": "narodowy",
    "id": null,
    "inflections": {
      "simple": {
        "singular": {
          "m1": {
            "nom": "narodowy",
            "gen": "narodowego",
            "dat": "narodowemu",
            "acc": "narodowego",
            "ins": "narodowym",
            "loc": "narodowym"
          },
          "m3": {
            "nom": "narodowy",
            "gen": "narodowego",
            "dat": "narodowemu",
            "acc": "narodowy",
            "ins": "narodowym",
            "loc": "narodowym"
          },
          "f": {
            "nom": "narodowa",
            "gen": "narodowej",
            "dat": "narodowej",
            "acc": "narodową",
            "ins": "narodową",
            "loc": "narodowej"
          },
          "n": {
            "nom": "narodowe",
            "gen": "narodowego",
            "dat": "narodowemu",
            "acc": "narodowe",
            "ins": "narodowym",
            "loc": "narodowym"
          }
        },
        "plural": {
          "virile": {
            "nom": "narodowi",
            "gen": "narodowych",
            "dat": "narodowym",
            "acc": "narodowych",
            "ins": "narodowymi",
            "loc": "narodowych"
          },
          "nonvirile": {
            "nom": "narodowe",
            "gen": "narodowych",
            "dat": "narodowym",
            "acc": "narodowe",
            "ins": "narodowymi",
            "loc": "narodowych"
          }
        }
      }
    }
  }
]