[
  {
    "translations": {
      "ENG": [
        "almost boogly",
        "a little woogly"
      ]
    },
    "tags": "xxxxxxxxx",
    "lemma": "oogly",
    "id": null,
    "inflections": {
      "simple": {
        "singular": {
          "m1": {
            "nom": "oogly",
            "gen": "ooglego",
            "dat": "ooglemu",
            "acc": "ooglego",
            "ins": "ooglym",
            "loc": "ooglym"
          },
          "m3": {
            "nom": "oogly",
            "gen": "ooglego",
            "dat": "ooglemu",
            "acc": "oogly",
            "ins": "ooglym",
            "loc": "ooglym"
          },
          "f": {
            "nom": "oogla",
            "gen": "ooglej",
            "dat": "ooglej",
            "acc": "ooglą",
            "ins": "ooglą",
            "loc": "ooglej"
          },
          "n": {
            "nom": "oogle",
            "gen": "ooglego",
            "dat": "ooglemu",
            "acc": "oogle",
            "ins": "ooglym",
            "loc": "ooglym"
          }
        },
        "plural": {
          "virile": {
            "nom": {
              "isTerminus": true,
              "normal": [
                "oogli",
                "ooglji"
              ],
              "additionalInfrequent": []
            },
            "gen": "ooglych",
            "dat": "ooglym",
            "acc": "ooglych",
            "ins": "ooglymi",
            "loc": "ooglych"
          },
          "nonvirile": {
            "nom": "oogle",
            "gen": "ooglych",
            "dat": "ooglym",
            "acc": "oogle",
            "ins": "ooglymi",
            "loc": "ooglych"
          }
        }
      },
      "adverb": {
        "isTerminus": true,
        "normal": [
          "ooglo",
          "ooglie"
        ],
        "additionalInfrequent": []
      },
      "comparative": {
        "singular": {
          "m1": {
            "nom": "bardziej oogly",
            "gen": "bardziej ooglego",
            "dat": "bardziej ooglemu",
            "acc": "bardziej ooglego",
            "ins": "bardziej ooglym",
            "loc": "bardziej ooglym"
          },
          "m3": {
            "nom": "bardziej oogly",
            "gen": "bardziej ooglego",
            "dat": "bardziej ooglemu",
            "acc": "bardziej oogly",
            "ins": "bardziej ooglym",
            "loc": "bardziej ooglym"
          },
          "f": {
            "nom": "bardziej oogla",
            "gen": "bardziej ooglej",
            "dat": "bardziej ooglej",
            "acc": "bardziej ooglą",
            "ins": "bardziej ooglą",
            "loc": "bardziej ooglej"
          },
          "n": {
            "nom": "bardziej oogle",
            "gen": "bardziej ooglego",
            "dat": "bardziej ooglemu",
            "acc": "bardziej oogle",
            "ins": "bardziej ooglym",
            "loc": "bardziej ooglym"
          }
        },
        "plural": {
          "virile": {
            "nom": {
              "isTerminus": true,
              "normal": [
                "bardziej oogli",
                "bardziej ooglji"
              ],
              "additionalInfrequent": []
            },
            "gen": "bardziej ooglych",
            "dat": "bardziej ooglym",
            "acc": "bardziej ooglych",
            "ins": "bardziej ooglymi",
            "loc": "bardziej ooglych"
          },
          "nonvirile": {
            "nom": "bardziej oogle",
            "gen": "bardziej ooglych",
            "dat": "bardziej ooglym",
            "acc": "bardziej oogle",
            "ins": "bardziej ooglymi",
            "loc": "bardziej ooglych"
          }
        }
      },
      "superlative": {
        "singular": {
          "m1": {
            "nom": "najbardziej oogly",
            "gen": "najbardziej ooglego",
            "dat": "najbardziej ooglemu",
            "acc": "najbardziej ooglego",
            "ins": "najbardziej ooglym",
            "loc": "najbardziej ooglym"
          },
          "m3": {
            "nom": "najbardziej oogly",
            "gen": "najbardziej ooglego",
            "dat": "najbardziej ooglemu",
            "acc": "najbardziej oogly",
            "ins": "najbardziej ooglym",
            "loc": "najbardziej ooglym"
          },
          "f": {
            "nom": "najbardziej oogla",
            "gen": "najbardziej ooglej",
            "dat": "najbardziej ooglej",
            "acc": "najbardziej ooglą",
            "ins": "najbardziej ooglą",
            "loc": "najbardziej ooglej"
          },
          "n": {
            "nom": "najbardziej oogle",
            "gen": "najbardziej ooglego",
            "dat": "najbardziej ooglemu",
            "acc": "najbardziej oogle",
            "ins": "najbardziej ooglym",
            "loc": "najbardziej ooglym"
          }
        },
        "plural": {
          "virile": {
            "nom": {
              "isTerminus": true,
              "normal": [
                "najbardziej oogli",
                "najbardziej ooglji"
              ],
              "additionalInfrequent": []
            },
            "gen": "najbardziej ooglych",
            "dat": "najbardziej ooglym",
            "acc": "najbardziej ooglych",
            "ins": "najbardziej ooglymi",
            "loc": "najbardziej ooglych"
          },
          "nonvirile": {
            "nom": "najbardziej oogle",
            "gen": "najbardziej ooglych",
            "dat": "najbardziej ooglym",
            "acc": "najbardziej oogle",
            "ins": "najbardziej ooglymi",
            "loc": "najbardziej ooglych"
          }
        }
      }
    }
  }
]