[
  {
    "translations": {
      "ENG": [
        "red"
      ]
    },
    "tags": "xxxxxxxx",
    "lemma": "czerwony",
    "id": null,
    "inflections": {
      "simple": {
        "singular": {
          "m1": {
            "nom": "czerwony",
            "gen": "czerwonego",
            "dat": "czerwonemu",
            "acc": "czerwonego",
            "ins": "czerwonym",
            "loc": "czerwonym"
          },
          "m3": {
            "nom": "czerwony",
            "gen": "czerwonego",
            "dat": "czerwonemu",
            "acc": "czerwony",
            "ins": "czerwonym",
            "loc": "czerwonym"
          },
          "f": {
            "nom": "czerwona",
            "gen": "czerwonej",
            "dat": "czerwonej",
            "acc": "czerwoną",
            "ins": "czerwoną",
            "loc": "czerwonej"
          },
          "n": {
            "nom": "czerwone",
            "gen": "czerwonego",
            "dat": "czerwonemu",
            "acc": "czerwone",
            "ins": "czerwonym",
            "loc": "czerwonym"
          }
        },
        "plural": {
          "virile": {
            "nom": "czerwoni",
            "gen": "czerwonych",
            "dat": "czerwonym",
            "acc": "czerwonych",
            "ins": "czerwonymi",
            "loc": "czerwonych"
          },
          "nonvirile": {
            "nom": "czerwone",
            "gen": "czerwonych",
            "dat": "czerwonym",
            "acc": "czerwone",
            "ins": "czerwonymi",
            "loc": "czerwonych"
          }
        }
      },
      "comparative": {
        "isTerminus": true,
        "normal": [
          "czerwieńszy"
        ],
        "isRegular": true
      },
      "superlative": {
        "isTerminus": true,
        "normal": [
          "najczerwieńszy"
        ],
        "isRegular": true
      },
      "adverb": "czerwono"
    }
  },
  {
    "translations": {
      "ENG": [
        "blue"
      ]
    },
    "tags": "xxxxxxxxx",
    "lemma": "niebieski",
    "id": null,
    "inflections": {
      "simple": {
        "singular": {
          "m1": {
            "nom": "niebieski",
            "gen": "niebieskiego",
            "dat": "niebieskiemu",
            "acc": "niebieskiego",
            "ins": "niebieskim",
            "loc": "niebieskim"
          },
          "m3": {
            "nom": "niebieski",
            "gen": "niebieskiego",
            "dat": "niebieskiemu",
            "acc": "niebieski",
            "ins": "niebieskim",
            "loc": "niebieskim"
          },
          "f": {
            "nom": "niebieska",
            "gen": "niebieskiej",
            "dat": "niebieskiej",
            "acc": "niebieską",
            "ins": "niebieską",
            "loc": "niebieskiej"
          },
          "n": {
            "nom": "niebieskie",
            "gen": "niebieskiego",
            "dat": "niebieskiemu",
            "acc": "niebieskie",
            "ins": "niebieskim",
            "loc": "niebieskim"
          }
        },
        "plural": {
          "virile": {
            "nom": "niebiescy",
            "gen": "niebieskich",
            "dat": "niebieskim",
            "acc": "niebieskich",
            "ins": "niebieskimi",
            "loc": "niebieskich"
          },
          "nonvirile": {
            "nom": "niebieskie",
            "gen": "niebieskich",
            "dat": "niebieskim",
            "acc": "niebieskie",
            "ins": "niebieskimi",
            "loc": "niebieskich"
          }
        }
      },
      "adverb": "niebiesko",
      "comparative": {
        "singular": {
          "m1": {
            "nom": "bardziej niebieski",
            "gen": "bardziej niebieskiego",
            "dat": "bardziej niebieskiemu",
            "acc": "bardziej niebieskiego",
            "ins": "bardziej niebieskim",
            "loc": "bardziej niebieskim"
          },
          "m3": {
            "nom": "bardziej niebieski",
            "gen": "bardziej niebieskiego",
            "dat": "bardziej niebieskiemu",
            "acc": "bardziej niebieski",
            "ins": "bardziej niebieskim",
            "loc": "bardziej niebieskim"
          },
          "f": {
            "nom": "bardziej niebieska",
            "gen": "bardziej niebieskiej",
            "dat": "bardziej niebieskiej",
            "acc": "bardziej niebieską",
            "ins": "bardziej niebieską",
            "loc": "bardziej niebieskiej"
          },
          "n": {
            "nom": "bardziej niebieskie",
            "gen": "bardziej niebieskiego",
            "dat": "bardziej niebieskiemu",
            "acc": "bardziej niebieskie",
            "ins": "bardziej niebieskim",
            "loc": "bardziej niebieskim"
          }
        },
        "plural": {
          "virile": {
            "nom": "bardziej niebiescy",
            "gen": "bardziej niebieskich",
            "dat": "bardziej niebieskim",
            "acc": "bardziej niebieskich",
            "ins": "bardziej niebieskimi",
            "loc": "bardziej niebieskich"
          },
          "nonvirile": {
            "nom": "bardziej niebieskie",
            "gen": "bardziej niebieskich",
            "dat": "bardziej niebieskim",
            "acc": "bardziej niebieskie",
            "ins": "bardziej niebieskimi",
            "loc": "bardziej niebieskich"
          }
        }
      },
      "superlative": {
        "singular": {
          "m1": {
            "nom": "najbardziej niebieski",
            "gen": "najbardziej niebieskiego",
            "dat": "najbardziej niebieskiemu",
            "acc": "najbardziej niebieskiego",
            "ins": "najbardziej niebieskim",
            "loc": "najbardziej niebieskim"
          },
          "m3": {
            "nom": "najbardziej niebieski",
            "gen": "najbardziej niebieskiego",
            "dat": "najbardziej niebieskiemu",
            "acc": "najbardziej niebieski",
            "ins": "najbardziej niebieskim",
            "loc": "najbardziej niebieskim"
          },
          "f": {
            "nom": "najbardziej niebieska",
            "gen": "najbardziej niebieskiej",
            "dat": "najbardziej niebieskiej",
            "acc": "najbardziej niebieską",
            "ins": "najbardziej niebieską",
            "loc": "najbardziej niebieskiej"
          },
          "n": {
            "nom": "najbardziej niebieskie",
            "gen": "najbardziej niebieskiego",
            "dat": "najbardziej niebieskiemu",
            "acc": "najbardziej niebieskie",
            "ins": "najbardziej niebieskim",
            "loc": "najbardziej niebieskim"
          }
        },
        "plural": {
          "virile": {
            "nom": "najbardziej niebiescy",
            "gen": "najbardziej niebieskich",
            "dat": "najbardziej niebieskim",
            "acc": "najbardziej niebieskich",
            "ins": "najbardziej niebieskimi",
            "loc": "najbardziej niebieskich"
          },
          "nonvirile": {
            "nom": "najbardziej niebieskie",
            "gen": "najbardziej niebieskich",
            "dat": "najbardziej niebieskim",
            "acc": "najbardziej niebieskie",
            "ins": "najbardziej niebieskimi",
            "loc": "najbardziej niebieskich"
          }
        }
      }
    }
  },
  {
    "translations": {
      "ENG": [
        "small"
      ]
    },
    "tags": [
      "size"
    ],
    "lemma": "mały",
    "id": "pol-adj-003",
    "inflections": {
      "simple": {
        "singular": {
          "m1": {
            "nom": "mały",
            "gen": "małego",
            "dat": "małemu",
            "acc": "małego",
            "ins": "małym",
            "loc": "małym"
          },
          "m3": {
            "nom": "mały",
            "gen": "małego",
            "dat": "małemu",
            "acc": "mały",
            "ins": "małym",
            "loc": "małym"
          },
          "f": {
            "nom": "mała",
            "gen": "małej",
            "dat": "małej",
            "acc": "małą",
            "ins": "małą",
            "loc": "małej"
          },
          "n": {
            "nom": "małe",
            "gen": "małego",
            "dat": "małemu",
            "acc": "małe",
            "ins": "małym",
            "loc": "małym"
          }
        },
        "plural": {
          "virile": {
            "nom": "mali",
            "gen": "małych",
            "dat": "małym",
            "acc": "małych",
            "ins": "małymi",
            "loc": "małych"
          },
          "nonvirile": {
            "nom": "małe",
            "gen": "małych",
            "dat": "małym",
            "acc": "małe",
            "ins": "małymi",
            "loc": "małych"
          }
        }
      },
      "comparative": {
        "isTerminus": true,
        "normal": [
          "mniejszy"
        ],
        "isRegular": true
      },
      "superlative": {
        "isTerminus": true,
        "normal": [
          "najmniejszy"
        ],
        "isRegular": true
      },
      "adverb": "mało"
    }
  }
]