[
  {
    "translations": {
      "ENG": [
        "blue"
      ]
    },
    "tags": "xxxxxxxxx",
    "lemma": "niebieski",
    "id": null,
    "inflections": {
      "simple": {
        "singular": {
          "m1": {
            "nom": "niebieski",
            "gen": "niebieskiego",
            "dat": "niebieskiemu",
            "acc": "niebieskiego",
            "ins": "niebieskim",
            "loc": "niebieskim"
          },
          "m3": {
            "nom": "niebieski",
            "gen": "niebieskiego",
            "dat": "niebieskiemu",
            "acc": "niebieski",
            "ins": "niebieskim",
            "loc": "niebieskim"
          },
          "f": {
            "nom": "niebieska",
            "gen": "niebieskiej",
            "dat": "niebieskiej",
            "acc": "niebieską",
            "ins": "niebieską",
            "loc": "niebieskiej"
          },
          "n": {
            "nom": "niebieskie",
            "gen": "niebieskiego",
            "dat": "niebieskiemu",
            "acc": "niebieskie",
            "ins": "niebieskim",
            "loc": "niebieskim"
          }
        },
        "plural": {
          "virile": {
            "nom": "niebiescy",
            "gen": "niebieskich",
            "dat": "niebieskim",
            "acc": "niebieskich",
            "ins": "niebieskimi",
            "loc": "niebieskich"
          },
          "nonvirile": {
            "nom": "niebieskie",
            "gen": "niebieskich",
            "dat": "niebieskim",
            "acc": "niebieskie",
            "ins": "niebieskimi",
            "loc": "niebieskich"
          }
        }
      },
      "adverb": "niebiesko",
      "comparative": {
        "singular": {
          "m1": {
            "nom": "bardziej niebieski",
            "gen": "bardziej niebieskiego",
            "dat": "bardziej niebieskiemu",
            "acc": "bardziej niebieskiego",
            "ins": "bardziej niebieskim",
            "loc": "bardziej niebieskim"
          },
          "m3": {
            "nom": "bardziej niebieski",
            "gen": "bardziej niebieskiego",
            "dat": "bardziej niebieskiemu",
            "acc": "bardziej niebieski",
            "ins": "bardziej niebieskim",
            "loc": "bardziej niebieskim"
          },
          "f": {
            "nom": "bardziej niebieska",
            "gen": "bardziej niebieskiej",
            "dat": "bardziej niebieskiej",
            "acc": "bardziej niebieską",
            "ins": "bardziej niebieską",
            "loc": "bardziej niebieskiej"
          },
          "n": {
            "nom": "bardziej niebieskie",
            "gen": "bardziej niebieskiego",
            "dat": "bardziej niebieskiemu",
            "acc": "bardziej niebieskie",
            "ins": "bardziej niebieskim",
            "loc": "bardziej niebieskim"
          }
        },
        "plural": {
          "virile": {
            "nom": "bardziej niebiescy",
            "gen": "bardziej niebieskich",
            "dat": "bardziej niebieskim",
            "acc": "bardziej niebieskich",
            "ins": "bardziej niebieskimi",
            "loc": "bardziej niebieskich"
          },
          "nonvirile": {
            "nom": "bardziej niebieskie",
            "gen": "bardziej niebieskich",
            "dat": "bardziej niebieskim",
            "acc": "bardziej niebieskie",
            "ins": "bardziej niebieskimi",
            "loc": "bardziej niebieskich"
          }
        }
      },
      "superlative": {
        "singular": {
          "m1": {
            "nom": "najbardziej niebieski",
            "gen": "najbardziej niebieskiego",
            "dat": "najbardziej niebieskiemu",
            "acc": "najbardziej niebieskiego",
            "ins": "najbardziej niebieskim",
            "loc": "najbardziej niebieskim"
          },
          "m3": {
            "nom": "najbardziej niebieski",
            "gen": "najbardziej niebieskiego",
            "dat": "najbardziej niebieskiemu",
            "acc": "najbardziej niebieski",
            "ins": "najbardziej niebieskim",
            "loc": "najbardziej niebieskim"
          },
          "f": {
            "nom": "najbardziej niebieska",
            "gen": "najbardziej niebieskiej",
            "dat": "najbardziej niebieskiej",
            "acc": "najbardziej niebieską",
            "ins": "najbardziej niebieską",
            "loc": "najbardziej niebieskiej"
          },
          "n": {
            "nom": "najbardziej niebieskie",
            "gen": "najbardziej niebieskiego",
            "dat": "najbardziej niebieskiemu",
            "acc": "najbardziej niebieskie",
            "ins": "najbardziej niebieskim",
            "loc": "najbardziej niebieskim"
          }
        },
        "plural": {
          "virile": {
            "nom": "najbardziej niebiescy",
            "gen": "najbardziej niebieskich",
            "dat": "najbardziej niebieskim",
            "acc": "najbardziej niebieskich",
            "ins": "najbardziej niebieskimi",
            "loc": "najbardziej niebieskich"
          },
          "nonvirile": {
            "nom": "najbardziej niebieskie",
            "gen": "najbardziej niebieskich",
            "dat": "najbardziej niebieskim",
            "acc": "najbardziej niebieskie",
            "ins": "najbardziej niebieskimi",
            "loc": "najbardziej niebieskich"
          }
        }
      }
    }
  }
]