[
  {
    "lemma": "niebieski",
    "translations": [
      "blue"
    ],
    "translations_additional": [
      "dated",
      "celestial",
      "Synonym:",
      "niebia≈Ñski",
      "heraldry",
      "azure"
    ],
    "comparative_type": 2,
    "pluvirnom": [
      "niebiescy"
    ],
    "adverb": [
      "niebiesko"
    ]
  }
]