[
  {
    "lemma": "czerwony",
    "translations": [
      "red"
    ],
    "comparative_type": 3,
    "pluvirnom": [
      "czerwoni"
    ],
    "adverb": [
      "czerwono"
    ],
    "comparative": "czerwieńszy"
  },
  {
    "lemma": "niebieski",
    "translations": [
      "blue"
    ],
    "translations_additional": [
      "dated",
      "celestial",
      "Synonym:",
      "niebiański",
      "heraldry",
      "azure"
    ],
    "comparative_type": 2,
    "pluvirnom": [
      "niebiescy"
    ],
    "adverb": [
      "niebiesko"
    ],
    "comparative": "bardziej niebieski"
  },
  {
    "lemma": "stary",
    "translations": [
      "old"
    ],
    "translations_additional": [
      "in the late stage of life",
      "Antonym:",
      "młody",
      "old",
      "having existed for a long time",
      " or having known something for a long time",
      "Antonym:",
      "nowy"
    ],
    "comparative_type": 1,
    "pluvirnom": [
      "starzy"
    ],
    "adverb": [
      "staro"
    ],
    "comparative": "starszy"
  },
  {
    "lemma": "narodowy",
    "translations": [
      "national"
    ],
    "comparative_type": 0,
    "pluvirnom": [
      "narodowi"
    ]
  }
]