[
  {
    "id": "pol-nou-001"
  },
  {
    "id": "pol-nou-003-mysz"
  },
  {
    "id": "pol-nou-002"
  },
  {
    "id": "pol-npr-010"
  },
  {
    "id": "pol-ver-100"
  },
  {
    "id": "pol-adj-300"
  },
  {
    "id": "pol-adj-298"
  }
]