[
  {
    "lemma": "zły",
    "id": "pol-nco-001-zły",
    "translations": {
      "ENG": [
        "bad",
        "angry"
      ]
    }
  },
  {
    "lemma": "ostry",
    "id": "pol-nco-002-ostry",
    "translations": {
      "ENG": [
        "sharp",
        "spicy"
      ]
    }
  },
  {
    "lemma": "gniewny",
    "id": "pol-npe-005-gniewny",
    "translations": {
      "ENG": [
        "angry"
      ]
    }
  },
  {
    "lemma": "marudny",
    "id": "pol-npe-006-marudny",
    "translations": {
      "ENG": [
        "whiny"
      ]
    }
  }
]