[
  {
    "lemma": "twierdzić",
    "id": "pol-nco-002-twierdzić",
    "translations": {
      "ENG": [
        "( transitive ) to claim"
      ]
    }
  },
  {
    "lemma": "jechać",
    "id": "pol-npe-005-jechać",
    "translations": {
      "ENG": [
        "( intransitive ) to travel"
      ]
    }
  },
  {
    "lemma": "oznajmić",
    "id": "pol-npe-006-oznajmić",
    "translations": {
      "ENG": [
        "( transitive ) to write occasionally"
      ]
    }
  }
]