[
  {
    "lemma": "stać",
    "aspect": "perfective",
    "secondaryAspects": [],
    "otherShapes": {
      "imperfective": [
        "stawać się"
      ]
    },
    "tags": "xxxxxxxxx",
    "translations": {
      "ENG": [
        "( reflexive ) to become Myślisz, że się zmieni, gdy stanie się sławna? ― Do you think she will change when she becomes famous? Po kilku dniach stali się najlepszymi przyjaciółmi. ― After a few days, they became best friends. Jego twarz stała się czerwona ze złości. ― His face turned red with anger."
      ]
    },
    "derivedTerms": [
      "verbs derived from stawać dostawać impf dostać pf przedostawać impf przedostać pf",
      "wydostawać impf wydostać pf",
      "podostawać impf",
      "nastawać impf nastać pf",
      "obstawać impf obstać pf",
      "odstawać impf odstać pf",
      "ostawać impf ostać pf zostawać impf zostać pf pozostawać impf pozostać pf",
      "postawać impf postać pf",
      "przestawać impf przestać pf poprzestawać impf poprzestać pf",
      "zaprzestawać impf zaprzestać pf",
      "przystawać impf przystać pf",
      "rozstawać impf rozstać pf",
      "ustawać impf ustać pf",
      "wstawać impf wstać pf powstawać impf powstać pf",
      "wystawać impf wystać pf",
      "zastawać impf zastać pf"
    ],
    "inflections": {
      "infinitive": {
        "singular": {
          "masculine": "stać",
          "feminine": "stać",
          "neuter": "stać"
        },
        "plural": {
          "virile": "stać",
          "nonvirile": "stać"
        }
      },
      "future tense": {
        "1st": {
          "singular": {
            "masculine": "stanę",
            "feminine": "stanę",
            "neuter": "stanę"
          },
          "plural": {
            "virile": "staniemy",
            "nonvirile": "staniemy"
          }
        },
        "2nd": {
          "singular": {
            "masculine": "staniesz",
            "feminine": "staniesz",
            "neuter": "staniesz"
          },
          "plural": {
            "virile": "staniecie",
            "nonvirile": "staniecie"
          }
        },
        "3rd": {
          "singular": {
            "masculine": "stanie",
            "feminine": "stanie",
            "neuter": "stanie"
          },
          "plural": {
            "virile": "staną",
            "nonvirile": "staną"
          }
        },
        "impersonal": {
          "singular": {
            "masculine": "stanie się",
            "feminine": "stanie się",
            "neuter": "stanie się"
          },
          "plural": {
            "virile": "stanie się",
            "nonvirile": "stanie się"
          }
        }
      },
      "past tense": {
        "1st": {
          "singular": {
            "masculine": "stałem",
            "feminine": "stałam"
          },
          "plural": {
            "virile": "staliśmy",
            "nonvirile": "stałyśmy"
          }
        },
        "2nd": {
          "singular": {
            "masculine": "stałeś",
            "feminine": "stałaś"
          },
          "plural": {
            "virile": "staliście",
            "nonvirile": "stałyście"
          }
        },
        "3rd": {
          "singular": {
            "masculine": "stał",
            "feminine": "stała",
            "neuter": "stało"
          },
          "plural": {
            "virile": "stali",
            "nonvirile": "stały"
          }
        },
        "impersonal": {
          "singular": {
            "masculine": "stano",
            "feminine": "stano",
            "neuter": "stano"
          },
          "plural": {
            "virile": "stano",
            "nonvirile": "stano"
          }
        }
      },
      "conditional": {
        "1st": {
          "singular": {
            "masculine": "stałbym",
            "feminine": "stałabym"
          },
          "plural": {
            "virile": "stalibyśmy",
            "nonvirile": "stałybyśmy"
          }
        },
        "2nd": {
          "singular": {
            "masculine": "stałbyś",
            "feminine": "stałabyś"
          },
          "plural": {
            "virile": "stalibyście",
            "nonvirile": "stałybyście"
          }
        },
        "3rd": {
          "singular": {
            "masculine": "stałby",
            "feminine": "stałaby",
            "neuter": "stałoby"
          },
          "plural": {
            "virile": "staliby",
            "nonvirile": "stałyby"
          }
        },
        "impersonal": {
          "singular": {
            "masculine": "stano by",
            "feminine": "stano by",
            "neuter": "stano by"
          },
          "plural": {
            "virile": "stano by",
            "nonvirile": "stano by"
          }
        }
      },
      "imperative": {
        "1st": {
          "singular": {
            "masculine": "niech stanę",
            "feminine": "niech stanę",
            "neuter": "niech stanę"
          },
          "plural": {
            "virile": "stańmy",
            "nonvirile": "stańmy"
          }
        },
        "2nd": {
          "singular": {
            "masculine": "stań",
            "feminine": "stań",
            "neuter": "stań"
          },
          "plural": {
            "virile": "stańcie",
            "nonvirile": "stańcie"
          }
        },
        "3rd": {
          "singular": {
            "masculine": "niech stanie",
            "feminine": "niech stanie",
            "neuter": "niech stanie"
          },
          "plural": {
            "virile": "niech staną",
            "nonvirile": "niech staną"
          }
        }
      },
      "anterior adverbial participle": {
        "singular": {
          "masculine": "stawszy",
          "feminine": "stawszy",
          "neuter": "stawszy"
        },
        "plural": {
          "virile": "stawszy",
          "nonvirile": "stawszy"
        }
      },
      "verbal noun": {
        "singular": {
          "masculine": "stanie",
          "feminine": "stanie",
          "neuter": "stanie"
        },
        "plural": {
          "virile": "stanie",
          "nonvirile": "stanie"
        }
      }
    },
    "id": "pol-ver-007-stać(become)"
  },
  {
    "lemma": "stać",
    "aspect": "imperfective",
    "secondaryAspects": [
      "determinate"
    ],
    "otherShapes": {
      "perfective": [
        "stanąć"
      ],
      "indeterminate": [
        "stawać"
      ]
    },
    "tags": "xxxxxxxxx",
    "translations": {
      "ENG": [
        "( intransitive ) to stand (to remain motionless in a vertical position) Dlaczego ci ludzie tu stoją ? ― Why are these people standing here? Stała przed nim przez pięć minut. ― She stood in front of him for five minutes.",
        "( intransitive ) to be (about position of the object) Te książki wcześniej stały na półce. ― These books were previously on the shelf. Na przystanku stoi autobus. ― There is a bus at the stop. Stała w korku przez pięć minut. ― She was in traffic for five minutes.",
        "( intransitive ) to stop (about not working mechanism) Zegarek stał , a ja nie mogłem go naprawić. ― The watch wasn't working and I couldn't fix it.",
        "( intransitive ) to stagnate Od kilku miesięcy gospodarka stoi w miejscu . ― The economy has been in stagnation for several months now."
      ]
    },
    "derivedTerms": [
      "derived terms imperfective dostawać impf (dated)",
      "(no equivalent)",
      "obstawać impf",
      "odstawać impf",
      "ostawać się impf (dated)",
      "(no equivalent)",
      "(no equivalent)",
      "(no equivalent)",
      "ustawać impf",
      "wystawać impf",
      "zastawać się impf",
      "( adjective ) stały",
      "( noun ) stoisko",
      "perfective dostać pf (dated)",
      "nastać się pf",
      "obstać pf",
      "odstać pf",
      "ostać się pf (dated)",
      "postać pf",
      "przestać pf",
      "przystać pf (dated)",
      "ustać pf",
      "wystać pf",
      "zastać się pf",
      "( noun ) stojak",
      "( noun ) stójka",
      "( verbs ) stawiać",
      "( nouns ) stado stan stół",
      "( adjective ) stary"
    ],
    "inflections": {
      "infinitive": {
        "singular": {
          "masculine": "stać",
          "feminine": "stać",
          "neuter": "stać"
        },
        "plural": {
          "virile": "stać",
          "nonvirile": "stać"
        }
      },
      "present tense": {
        "1st": {
          "singular": {
            "masculine": "stoję",
            "feminine": "stoję",
            "neuter": "stoję"
          },
          "plural": {
            "virile": "stoimy",
            "nonvirile": "stoimy"
          }
        },
        "2nd": {
          "singular": {
            "masculine": "stoisz",
            "feminine": "stoisz",
            "neuter": "stoisz"
          },
          "plural": {
            "virile": "stoicie",
            "nonvirile": "stoicie"
          }
        },
        "3rd": {
          "singular": {
            "masculine": "stoi",
            "feminine": "stoi",
            "neuter": "stoi"
          },
          "plural": {
            "virile": "stoją",
            "nonvirile": "stoją"
          }
        },
        "impersonal": {
          "singular": {
            "masculine": "stoi się",
            "feminine": "stoi się",
            "neuter": "stoi się"
          },
          "plural": {
            "virile": "stoi się",
            "nonvirile": "stoi się"
          }
        }
      },
      "past tense": {
        "1st": {
          "singular": {
            "masculine": "stałem",
            "feminine": "stałam"
          },
          "plural": {
            "virile": "staliśmy",
            "nonvirile": "stałyśmy"
          }
        },
        "2nd": {
          "singular": {
            "masculine": "stałeś",
            "feminine": "stałaś"
          },
          "plural": {
            "virile": "staliście",
            "nonvirile": "stałyście"
          }
        },
        "3rd": {
          "singular": {
            "masculine": "stał",
            "feminine": "stała",
            "neuter": "stało"
          },
          "plural": {
            "virile": "stali",
            "nonvirile": "stały"
          }
        }
      },
      "future tense": {
        "1st": {
          "singular": {
            "masculine": [
              "będę stał",
              "będę stać"
            ],
            "feminine": [
              "będę stała",
              "będę stać"
            ]
          },
          "plural": {
            "virile": [
              "będziemy stali",
              "będziemy stać"
            ],
            "nonvirile": [
              "będziemy stały",
              "będziemy stać"
            ]
          }
        },
        "2nd": {
          "singular": {
            "masculine": [
              "będziesz stał",
              "będziesz stać"
            ],
            "feminine": [
              "będziesz stała",
              "będziesz stać"
            ]
          },
          "plural": {
            "virile": [
              "będziecie stali",
              "będziecie stać"
            ],
            "nonvirile": [
              "będziecie stały",
              "będziecie stać"
            ]
          }
        },
        "3rd": {
          "singular": {
            "masculine": [
              "będzie stał",
              "będzie stać"
            ],
            "feminine": [
              "będzie stała",
              "będzie stać"
            ],
            "neuter": [
              "będzie stało",
              "będzie stać"
            ]
          },
          "plural": {
            "virile": [
              "będą stali",
              "będą stać"
            ],
            "nonvirile": [
              "będą stały",
              "będą stać"
            ]
          }
        },
        "impersonal": {
          "singular": {
            "masculine": "będzie stać się",
            "feminine": "będzie stać się",
            "neuter": "będzie stać się"
          },
          "plural": {
            "virile": "będzie stać się",
            "nonvirile": "będzie stać się"
          }
        }
      },
      "conditional": {
        "1st": {
          "singular": {
            "masculine": "stałbym",
            "feminine": "stałabym"
          },
          "plural": {
            "virile": "stalibyśmy",
            "nonvirile": "stałybyśmy"
          }
        },
        "2nd": {
          "singular": {
            "masculine": "stałbyś",
            "feminine": "stałabyś"
          },
          "plural": {
            "virile": "stalibyście",
            "nonvirile": "stałybyście"
          }
        },
        "3rd": {
          "singular": {
            "masculine": "stałby",
            "feminine": "stałaby",
            "neuter": "stałoby"
          },
          "plural": {
            "virile": "staliby",
            "nonvirile": "stałyby"
          }
        }
      },
      "imperative": {
        "1st": {
          "singular": {
            "masculine": "niech stoję",
            "feminine": "niech stoję",
            "neuter": "niech stoję"
          },
          "plural": {
            "virile": "stójmy",
            "nonvirile": "stójmy"
          }
        },
        "2nd": {
          "singular": {
            "masculine": "stój",
            "feminine": "stój",
            "neuter": "stój"
          },
          "plural": {
            "virile": "stójcie",
            "nonvirile": "stójcie"
          }
        },
        "3rd": {
          "singular": {
            "masculine": "niech stoi",
            "feminine": "niech stoi",
            "neuter": "niech stoi"
          },
          "plural": {
            "virile": "niech stoją",
            "nonvirile": "niech stoją"
          }
        }
      },
      "active adjectival participle": {
        "singular": {
          "masculine": "stojący",
          "feminine": "stojąca",
          "neuter": "stojące"
        },
        "plural": {
          "virile": "stojący",
          "nonvirile": "stojące"
        }
      },
      "contemporary adverbial participle": {
        "singular": {
          "masculine": "stojąc",
          "feminine": "stojąc",
          "neuter": "stojąc"
        },
        "plural": {
          "virile": "stojąc",
          "nonvirile": "stojąc"
        }
      },
      "verbal noun": {
        "singular": {
          "masculine": "stanie",
          "feminine": "stanie",
          "neuter": "stanie"
        },
        "plural": {
          "virile": "stanie",
          "nonvirile": "stanie"
        }
      }
    },
    "id": "pol-ver-008-stać(stand)"
  }
]